Archive member included because of file (symbol)

I:\ArmWorks\My_OS_3\lib\libdriver.a(gpio.o)
                              ./src/led.o (GPIOPinRead)
I:\ArmWorks\My_OS_3\lib\libdriver.a(interrupt.o)
                              ./src/systick.o (IntMasterEnable)
I:\ArmWorks\My_OS_3\lib\libdriver.a(sysctl.o)
                              ./main.o (SysCtlClockGet)
I:\ArmWorks\My_OS_3\lib\libdriver.a(systick.o)
                              ./src/systick.o (SysTickEnable)
I:\ArmWorks\My_OS_3\lib\libdriver.a(cpu.o)
                              I:\ArmWorks\My_OS_3\lib\libdriver.a(interrupt.o) (CPUcpsid)

Allocating common symbols
Common symbol       size              file

task2_stack         0x100             ./src/task_add.o
task3_stack         0x100             ./src/task_add.o
task1_stack         0x100             ./src/task_add.o
pui32Stack          0x100             ./system/startup_gcc.o
pspstack            0x80              ./system/startup_gcc.o

Discarded input sections

 .group         0x00000000        0x8 ./system/_syscall.o
 .text          0x00000000        0x0 ./system/_syscall.o
 .data          0x00000000        0x0 ./system/_syscall.o
 .bss           0x00000000        0x0 ./system/_syscall.o
 .text._exit    0x00000000        0xc ./system/_syscall.o
 .debug_info    0x00000000       0x53 ./system/_syscall.o
 .debug_abbrev  0x00000000       0x4b ./system/_syscall.o
 .debug_aranges
                0x00000000       0x20 ./system/_syscall.o
 .debug_ranges  0x00000000       0x10 ./system/_syscall.o
 .debug_macro   0x00000000       0x11 ./system/_syscall.o
 .debug_macro   0x00000000      0x86e ./system/_syscall.o
 .debug_line    0x00000000       0x47 ./system/_syscall.o
 .debug_str     0x00000000     0x247b ./system/_syscall.o
 .comment       0x00000000       0x71 ./system/_syscall.o
 .debug_frame   0x00000000       0x2c ./system/_syscall.o
 .ARM.attributes
                0x00000000       0x33 ./system/_syscall.o
 .group         0x00000000        0x8 ./system/startup_gcc.o
 .group         0x00000000        0x8 ./system/startup_gcc.o
 .group         0x00000000        0x8 ./system/startup_gcc.o
 .group         0x00000000        0x8 ./system/startup_gcc.o
 .group         0x00000000        0x8 ./system/startup_gcc.o
 .group         0x00000000        0x8 ./system/startup_gcc.o
 .group         0x00000000        0x8 ./system/startup_gcc.o
 .text          0x00000000        0x0 ./system/startup_gcc.o
 .data          0x00000000        0x0 ./system/startup_gcc.o
 .bss           0x00000000        0x0 ./system/startup_gcc.o
 .text.hard_fault_handler
                0x00000000        0xc ./system/startup_gcc.o
 .text.bus_fault_handler
                0x00000000        0xc ./system/startup_gcc.o
 .text.usage_fault_handler
                0x00000000        0xc ./system/startup_gcc.o
 .debug_macro   0x00000000      0x86e ./system/startup_gcc.o
 .group         0x00000000        0x8 ./src/getSp.o
 .group         0x00000000        0x8 ./src/getSp.o
 .group         0x00000000        0x8 ./src/getSp.o
 .group         0x00000000        0x8 ./src/getSp.o
 .group         0x00000000        0x8 ./src/getSp.o
 .group         0x00000000        0x8 ./src/getSp.o
 .text          0x00000000        0x0 ./src/getSp.o
 .data          0x00000000        0x0 ./src/getSp.o
 .bss           0x00000000        0x0 ./src/getSp.o
 .text.getAddress
                0x00000000       0x24 ./src/getSp.o
 .debug_macro   0x00000000      0x86e ./src/getSp.o
 .debug_macro   0x00000000       0x22 ./src/getSp.o
 .debug_macro   0x00000000       0x44 ./src/getSp.o
 .debug_macro   0x00000000       0x1c ./src/getSp.o
 .debug_macro   0x00000000      0x1f7 ./src/getSp.o
 .data          0x00000000        0x0 ./src/interrupt_timer.o
 .bss           0x00000000        0x0 ./src/interrupt_timer.o
 .group         0x00000000        0x8 ./src/led.o
 .group         0x00000000        0x8 ./src/led.o
 .group         0x00000000        0x8 ./src/led.o
 .group         0x00000000        0x8 ./src/led.o
 .group         0x00000000        0x8 ./src/led.o
 .group         0x00000000        0x8 ./src/led.o
 .group         0x00000000        0x8 ./src/led.o
 .group         0x00000000        0x8 ./src/led.o
 .group         0x00000000        0x8 ./src/led.o
 .group         0x00000000        0x8 ./src/led.o
 .group         0x00000000        0x8 ./src/led.o
 .text          0x00000000        0x0 ./src/led.o
 .data          0x00000000        0x0 ./src/led.o
 .bss           0x00000000        0x0 ./src/led.o
 .text.ledIsOn  0x00000000       0x30 ./src/led.o
 .debug_macro   0x00000000      0x86e ./src/led.o
 .debug_macro   0x00000000       0x22 ./src/led.o
 .debug_macro   0x00000000       0x44 ./src/led.o
 .debug_macro   0x00000000       0x1c ./src/led.o
 .debug_macro   0x00000000      0x1f7 ./src/led.o
 .debug_macro   0x00000000     0xb530 ./src/led.o
 .text          0x00000000       0x1a ./src/resetHandler.o
 .data          0x00000000        0x0 ./src/resetHandler.o
 .bss           0x00000000        0x0 ./src/resetHandler.o
 .debug_line    0x00000000       0x4c ./src/resetHandler.o
 .debug_info    0x00000000       0x58 ./src/resetHandler.o
 .debug_abbrev  0x00000000       0x14 ./src/resetHandler.o
 .debug_aranges
                0x00000000       0x20 ./src/resetHandler.o
 .ARM.attributes
                0x00000000       0x21 ./src/resetHandler.o
 .group         0x00000000        0x8 ./src/systick.o
 .group         0x00000000        0x8 ./src/systick.o
 .group         0x00000000        0x8 ./src/systick.o
 .group         0x00000000        0x8 ./src/systick.o
 .group         0x00000000        0x8 ./src/systick.o
 .group         0x00000000        0x8 ./src/systick.o
 .text          0x00000000        0x0 ./src/systick.o
 .data          0x00000000        0x0 ./src/systick.o
 .bss           0x00000000        0x0 ./src/systick.o
 .debug_macro   0x00000000      0x86e ./src/systick.o
 .debug_macro   0x00000000       0x22 ./src/systick.o
 .debug_macro   0x00000000       0x22 ./src/systick.o
 .debug_macro   0x00000000       0x44 ./src/systick.o
 .debug_macro   0x00000000       0x1c ./src/systick.o
 .debug_macro   0x00000000      0x1f7 ./src/systick.o
 .group         0x00000000        0x8 ./src/task.o
 .group         0x00000000        0x8 ./src/task.o
 .group         0x00000000        0x8 ./src/task.o
 .group         0x00000000        0x8 ./src/task.o
 .group         0x00000000        0x8 ./src/task.o
 .group         0x00000000        0x8 ./src/task.o
 .group         0x00000000        0x8 ./src/task.o
 .group         0x00000000        0x8 ./src/task.o
 .group         0x00000000        0x8 ./src/task.o
 .group         0x00000000        0x8 ./src/task.o
 .group         0x00000000        0x8 ./src/task.o
 .group         0x00000000        0x8 ./src/task.o
 .group         0x00000000        0x8 ./src/task.o
 .group         0x00000000        0x8 ./src/task.o
 .group         0x00000000        0x8 ./src/task.o
 .group         0x00000000        0x8 ./src/task.o
 .group         0x00000000        0x8 ./src/task.o
 .group         0x00000000        0x8 ./src/task.o
 .text          0x00000000        0x0 ./src/task.o
 .data          0x00000000        0x0 ./src/task.o
 .bss           0x00000000        0x0 ./src/task.o
 .text.Delay    0x00000000       0x28 ./src/task.o
 .data._islight.4745
                0x00000000        0x1 ./src/task.o
 .debug_macro   0x00000000      0x86e ./src/task.o
 .debug_macro   0x00000000       0x22 ./src/task.o
 .debug_macro   0x00000000       0x44 ./src/task.o
 .debug_macro   0x00000000       0x1c ./src/task.o
 .debug_macro   0x00000000      0x1f7 ./src/task.o
 .debug_macro   0x00000000     0xb530 ./src/task.o
 .debug_macro   0x00000000       0x22 ./src/task.o
 .debug_macro   0x00000000      0x25e ./src/task.o
 .debug_macro   0x00000000       0x67 ./src/task.o
 .debug_macro   0x00000000      0x101 ./src/task.o
 .debug_macro   0x00000000      0xa88 ./src/task.o
 .debug_macro   0x00000000       0x16 ./src/task.o
 .group         0x00000000        0x8 ./src/task_add.o
 .group         0x00000000        0x8 ./src/task_add.o
 .group         0x00000000        0x8 ./src/task_add.o
 .group         0x00000000        0x8 ./src/task_add.o
 .group         0x00000000        0x8 ./src/task_add.o
 .group         0x00000000        0x8 ./src/task_add.o
 .group         0x00000000        0x8 ./src/task_add.o
 .group         0x00000000        0x8 ./src/task_add.o
 .group         0x00000000        0x8 ./src/task_add.o
 .group         0x00000000        0x8 ./src/task_add.o
 .group         0x00000000        0x8 ./src/task_add.o
 .group         0x00000000        0x8 ./src/task_add.o
 .group         0x00000000        0x8 ./src/task_add.o
 .group         0x00000000        0x8 ./src/task_add.o
 .group         0x00000000        0x8 ./src/task_add.o
 .group         0x00000000        0x8 ./src/task_add.o
 .group         0x00000000        0x8 ./src/task_add.o
 .group         0x00000000        0x8 ./src/task_add.o
 .text          0x00000000        0x0 ./src/task_add.o
 .data          0x00000000        0x0 ./src/task_add.o
 .bss           0x00000000        0x0 ./src/task_add.o
 .debug_macro   0x00000000      0x86e ./src/task_add.o
 .debug_macro   0x00000000       0x22 ./src/task_add.o
 .debug_macro   0x00000000       0x44 ./src/task_add.o
 .debug_macro   0x00000000       0x1c ./src/task_add.o
 .debug_macro   0x00000000      0x1f7 ./src/task_add.o
 .group         0x00000000        0x8 ./src/task_judege.o
 .group         0x00000000        0x8 ./src/task_judege.o
 .group         0x00000000        0x8 ./src/task_judege.o
 .group         0x00000000        0x8 ./src/task_judege.o
 .group         0x00000000        0x8 ./src/task_judege.o
 .group         0x00000000        0x8 ./src/task_judege.o
 .group         0x00000000        0x8 ./src/task_judege.o
 .group         0x00000000        0x8 ./src/task_judege.o
 .group         0x00000000        0x8 ./src/task_judege.o
 .group         0x00000000        0x8 ./src/task_judege.o
 .group         0x00000000        0x8 ./src/task_judege.o
 .group         0x00000000        0x8 ./src/task_judege.o
 .text          0x00000000        0x0 ./src/task_judege.o
 .data          0x00000000        0x0 ./src/task_judege.o
 .bss           0x00000000        0x0 ./src/task_judege.o
 .bss.currentTask
                0x00000000        0x4 ./src/task_judege.o
 .text.task_judge
                0x00000000       0xc8 ./src/task_judege.o
 .debug_info    0x00000000       0xbb ./src/task_judege.o
 .debug_abbrev  0x00000000       0x61 ./src/task_judege.o
 .debug_aranges
                0x00000000       0x20 ./src/task_judege.o
 .debug_ranges  0x00000000       0x10 ./src/task_judege.o
 .debug_macro   0x00000000       0x8a ./src/task_judege.o
 .debug_macro   0x00000000      0x86e ./src/task_judege.o
 .debug_macro   0x00000000       0x22 ./src/task_judege.o
 .debug_macro   0x00000000       0x44 ./src/task_judege.o
 .debug_macro   0x00000000       0x1c ./src/task_judege.o
 .debug_macro   0x00000000      0x1f7 ./src/task_judege.o
 .debug_macro   0x00000000     0xb530 ./src/task_judege.o
 .debug_macro   0x00000000       0x10 ./src/task_judege.o
 .debug_macro   0x00000000      0x25e ./src/task_judege.o
 .debug_macro   0x00000000       0x22 ./src/task_judege.o
 .debug_macro   0x00000000      0x101 ./src/task_judege.o
 .debug_macro   0x00000000      0xa88 ./src/task_judege.o
 .debug_macro   0x00000000       0x16 ./src/task_judege.o
 .debug_line    0x00000000      0x292 ./src/task_judege.o
 .debug_str     0x00000000    0x3fe37 ./src/task_judege.o
 .comment       0x00000000       0x71 ./src/task_judege.o
 .debug_frame   0x00000000       0x38 ./src/task_judege.o
 .ARM.attributes
                0x00000000       0x33 ./src/task_judege.o
 .group         0x00000000        0x8 ./main.o
 .group         0x00000000        0x8 ./main.o
 .group         0x00000000        0x8 ./main.o
 .group         0x00000000        0x8 ./main.o
 .group         0x00000000        0x8 ./main.o
 .group         0x00000000        0x8 ./main.o
 .group         0x00000000        0x8 ./main.o
 .group         0x00000000        0x8 ./main.o
 .group         0x00000000        0x8 ./main.o
 .group         0x00000000        0x8 ./main.o
 .group         0x00000000        0x8 ./main.o
 .group         0x00000000        0x8 ./main.o
 .group         0x00000000        0x8 ./main.o
 .group         0x00000000        0x8 ./main.o
 .group         0x00000000        0x8 ./main.o
 .group         0x00000000        0x8 ./main.o
 .group         0x00000000        0x8 ./main.o
 .group         0x00000000        0x8 ./main.o
 .group         0x00000000        0x8 ./main.o
 .text          0x00000000        0x0 ./main.o
 .data          0x00000000        0x0 ./main.o
 .bss           0x00000000        0x0 ./main.o
 .debug_macro   0x00000000      0x86e ./main.o
 .debug_macro   0x00000000       0x22 ./main.o
 .debug_macro   0x00000000       0x44 ./main.o
 .debug_macro   0x00000000       0x1c ./main.o
 .debug_macro   0x00000000      0x1f7 ./main.o
 .debug_macro   0x00000000     0xb530 ./main.o
 .debug_macro   0x00000000       0x22 ./main.o
 .debug_macro   0x00000000      0x25e ./main.o
 .debug_macro   0x00000000       0x67 ./main.o
 .debug_macro   0x00000000       0x10 ./main.o
 .debug_macro   0x00000000      0x101 ./main.o
 .debug_macro   0x00000000       0x46 ./main.o
 .debug_macro   0x00000000      0xa88 ./main.o
 .debug_macro   0x00000000       0xdc ./main.o
 .debug_macro   0x00000000      0x17a ./main.o
 .debug_macro   0x00000000       0x10 ./main.o
 .debug_macro   0x00000000      0x2ca ./main.o
 .debug_macro   0x00000000       0x16 ./main.o
 .debug_macro   0x00000000       0x10 ./main.o
 .text          0x00000000        0x0 I:\ArmWorks\My_OS_3\lib\libdriver.a(gpio.o)
 .data          0x00000000        0x0 I:\ArmWorks\My_OS_3\lib\libdriver.a(gpio.o)
 .bss           0x00000000        0x0 I:\ArmWorks\My_OS_3\lib\libdriver.a(gpio.o)
 .text._GPIOIntNumberGet
                0x00000000       0x48 I:\ArmWorks\My_OS_3\lib\libdriver.a(gpio.o)
 .text.GPIODirModeSet
                0x00000000       0x2e I:\ArmWorks\My_OS_3\lib\libdriver.a(gpio.o)
 .text.GPIODirModeGet
                0x00000000       0x24 I:\ArmWorks\My_OS_3\lib\libdriver.a(gpio.o)
 .text.GPIOIntTypeSet
                0x00000000       0x62 I:\ArmWorks\My_OS_3\lib\libdriver.a(gpio.o)
 .text.GPIOIntTypeGet
                0x00000000       0x42 I:\ArmWorks\My_OS_3\lib\libdriver.a(gpio.o)
 .text.GPIOPadConfigSet
                0x00000000      0x14e I:\ArmWorks\My_OS_3\lib\libdriver.a(gpio.o)
 .text.GPIOPadConfigGet
                0x00000000       0xbc I:\ArmWorks\My_OS_3\lib\libdriver.a(gpio.o)
 .text.GPIOIntEnable
                0x00000000        0xc I:\ArmWorks\My_OS_3\lib\libdriver.a(gpio.o)
 .text.GPIOIntDisable
                0x00000000        0xe I:\ArmWorks\My_OS_3\lib\libdriver.a(gpio.o)
 .text.GPIOIntStatus
                0x00000000        0xe I:\ArmWorks\My_OS_3\lib\libdriver.a(gpio.o)
 .text.GPIOIntClear
                0x00000000        0x6 I:\ArmWorks\My_OS_3\lib\libdriver.a(gpio.o)
 .text.GPIOIntRegister
                0x00000000       0x1a I:\ArmWorks\My_OS_3\lib\libdriver.a(gpio.o)
 .text.GPIOIntUnregister
                0x00000000       0x16 I:\ArmWorks\My_OS_3\lib\libdriver.a(gpio.o)
 .text.GPIOPinRead
                0x00000000        0x6 I:\ArmWorks\My_OS_3\lib\libdriver.a(gpio.o)
 .text.GPIOPinWrite
                0x00000000        0x6 I:\ArmWorks\My_OS_3\lib\libdriver.a(gpio.o)
 .text.GPIOPinTypeADC
                0x00000000       0x1c I:\ArmWorks\My_OS_3\lib\libdriver.a(gpio.o)
 .text.GPIOPinTypeCAN
                0x00000000       0x1c I:\ArmWorks\My_OS_3\lib\libdriver.a(gpio.o)
 .text.GPIOPinTypeComparator
                0x00000000       0x1c I:\ArmWorks\My_OS_3\lib\libdriver.a(gpio.o)
 .text.GPIOPinTypeEPI
                0x00000000       0x1c I:\ArmWorks\My_OS_3\lib\libdriver.a(gpio.o)
 .text.GPIOPinTypeEthernetLED
                0x00000000       0x1c I:\ArmWorks\My_OS_3\lib\libdriver.a(gpio.o)
 .text.GPIOPinTypeEthernetMII
                0x00000000       0x1c I:\ArmWorks\My_OS_3\lib\libdriver.a(gpio.o)
 .text.GPIOPinTypeGPIOInput
                0x00000000       0x1c I:\ArmWorks\My_OS_3\lib\libdriver.a(gpio.o)
 .text.GPIOPinTypeGPIOOutput
                0x00000000       0x1c I:\ArmWorks\My_OS_3\lib\libdriver.a(gpio.o)
 .text.GPIOPinTypeGPIOOutputOD
                0x00000000       0x1c I:\ArmWorks\My_OS_3\lib\libdriver.a(gpio.o)
 .text.GPIOPinTypeI2C
                0x00000000       0x1c I:\ArmWorks\My_OS_3\lib\libdriver.a(gpio.o)
 .text.GPIOPinTypeI2CSCL
                0x00000000       0x1c I:\ArmWorks\My_OS_3\lib\libdriver.a(gpio.o)
 .text.GPIOPinTypeLCD
                0x00000000       0x1c I:\ArmWorks\My_OS_3\lib\libdriver.a(gpio.o)
 .text.GPIOPinTypeLPC
                0x00000000       0x1c I:\ArmWorks\My_OS_3\lib\libdriver.a(gpio.o)
 .text.GPIOPinTypePECIRx
                0x00000000       0x1c I:\ArmWorks\My_OS_3\lib\libdriver.a(gpio.o)
 .text.GPIOPinTypePECITx
                0x00000000       0x1c I:\ArmWorks\My_OS_3\lib\libdriver.a(gpio.o)
 .text.GPIOPinTypePWM
                0x00000000       0x1c I:\ArmWorks\My_OS_3\lib\libdriver.a(gpio.o)
 .text.GPIOPinTypeQEI
                0x00000000       0x1c I:\ArmWorks\My_OS_3\lib\libdriver.a(gpio.o)
 .text.GPIOPinTypeSSI
                0x00000000       0x1c I:\ArmWorks\My_OS_3\lib\libdriver.a(gpio.o)
 .text.GPIOPinTypeTimer
                0x00000000       0x1c I:\ArmWorks\My_OS_3\lib\libdriver.a(gpio.o)
 .text.GPIOPinTypeUART
                0x00000000       0x1c I:\ArmWorks\My_OS_3\lib\libdriver.a(gpio.o)
 .text.GPIOPinTypeUSBAnalog
                0x00000000       0x1c I:\ArmWorks\My_OS_3\lib\libdriver.a(gpio.o)
 .text.GPIOPinTypeUSBDigital
                0x00000000       0x1c I:\ArmWorks\My_OS_3\lib\libdriver.a(gpio.o)
 .text.GPIOPinTypeWakeHigh
                0x00000000       0x1e I:\ArmWorks\My_OS_3\lib\libdriver.a(gpio.o)
 .text.GPIOPinTypeWakeLow
                0x00000000       0x1e I:\ArmWorks\My_OS_3\lib\libdriver.a(gpio.o)
 .text.GPIOPinTypeKBRow
                0x00000000       0x1c I:\ArmWorks\My_OS_3\lib\libdriver.a(gpio.o)
 .text.GPIOPinTypeKBColumn
                0x00000000       0x1c I:\ArmWorks\My_OS_3\lib\libdriver.a(gpio.o)
 .text.GPIOPinTypeLEDSeq
                0x00000000       0x1c I:\ArmWorks\My_OS_3\lib\libdriver.a(gpio.o)
 .text.GPIOPinTypeCIR
                0x00000000       0x1c I:\ArmWorks\My_OS_3\lib\libdriver.a(gpio.o)
 .text.GPIOPinWakeStatus
                0x00000000        0x6 I:\ArmWorks\My_OS_3\lib\libdriver.a(gpio.o)
 .text.GPIOPinConfigure
                0x00000000       0x4c I:\ArmWorks\My_OS_3\lib\libdriver.a(gpio.o)
 .text.GPIODMATriggerEnable
                0x00000000        0xc I:\ArmWorks\My_OS_3\lib\libdriver.a(gpio.o)
 .text.GPIODMATriggerDisable
                0x00000000        0xe I:\ArmWorks\My_OS_3\lib\libdriver.a(gpio.o)
 .text.GPIOADCTriggerEnable
                0x00000000        0xc I:\ArmWorks\My_OS_3\lib\libdriver.a(gpio.o)
 .text.GPIOADCTriggerDisable
                0x00000000        0xe I:\ArmWorks\My_OS_3\lib\libdriver.a(gpio.o)
 .rodata.g_ppui32GPIOIntMapSnowflake
                0x00000000       0xc0 I:\ArmWorks\My_OS_3\lib\libdriver.a(gpio.o)
 .rodata.g_pui32GPIOBaseAddrs
                0x00000000       0x90 I:\ArmWorks\My_OS_3\lib\libdriver.a(gpio.o)
 .rodata.g_ppui32GPIOIntMapBlizzard
                0x00000000       0xc0 I:\ArmWorks\My_OS_3\lib\libdriver.a(gpio.o)
 .comment       0x00000000       0x2c I:\ArmWorks\My_OS_3\lib\libdriver.a(gpio.o)
 .ARM.attributes
                0x00000000       0x37 I:\ArmWorks\My_OS_3\lib\libdriver.a(gpio.o)
 .text          0x00000000        0x0 I:\ArmWorks\My_OS_3\lib\libdriver.a(interrupt.o)
 .data          0x00000000        0x0 I:\ArmWorks\My_OS_3\lib\libdriver.a(interrupt.o)
 .bss           0x00000000        0x0 I:\ArmWorks\My_OS_3\lib\libdriver.a(interrupt.o)
 .text._IntDefaultHandler
                0x00000000        0x2 I:\ArmWorks\My_OS_3\lib\libdriver.a(interrupt.o)
 .text.IntMasterDisable
                0x00000000        0xe I:\ArmWorks\My_OS_3\lib\libdriver.a(interrupt.o)
 .text.IntRegister
                0x00000000       0x30 I:\ArmWorks\My_OS_3\lib\libdriver.a(interrupt.o)
 .text.IntUnregister
                0x00000000       0x14 I:\ArmWorks\My_OS_3\lib\libdriver.a(interrupt.o)
 .text.IntPriorityGroupingSet
                0x00000000       0x1c I:\ArmWorks\My_OS_3\lib\libdriver.a(interrupt.o)
 .text.IntPriorityGroupingGet
                0x00000000       0x24 I:\ArmWorks\My_OS_3\lib\libdriver.a(interrupt.o)
 .text.IntPrioritySet
                0x00000000       0x28 I:\ArmWorks\My_OS_3\lib\libdriver.a(interrupt.o)
 .text.IntPriorityGet
                0x00000000       0x1c I:\ArmWorks\My_OS_3\lib\libdriver.a(interrupt.o)
 .text.IntEnable
                0x00000000       0x60 I:\ArmWorks\My_OS_3\lib\libdriver.a(interrupt.o)
 .text.IntDisable
                0x00000000       0x60 I:\ArmWorks\My_OS_3\lib\libdriver.a(interrupt.o)
 .text.IntIsEnabled
                0x00000000       0x64 I:\ArmWorks\My_OS_3\lib\libdriver.a(interrupt.o)
 .text.IntPendSet
                0x00000000       0x50 I:\ArmWorks\My_OS_3\lib\libdriver.a(interrupt.o)
 .text.IntPendClear
                0x00000000       0x40 I:\ArmWorks\My_OS_3\lib\libdriver.a(interrupt.o)
 .text.IntPriorityMaskSet
                0x00000000        0x4 I:\ArmWorks\My_OS_3\lib\libdriver.a(interrupt.o)
 .text.IntPriorityMaskGet
                0x00000000        0x4 I:\ArmWorks\My_OS_3\lib\libdriver.a(interrupt.o)
 .text.IntTrigger
                0x00000000        0xc I:\ArmWorks\My_OS_3\lib\libdriver.a(interrupt.o)
 .rodata.g_pui32Priority
                0x00000000       0x20 I:\ArmWorks\My_OS_3\lib\libdriver.a(interrupt.o)
 .rodata.g_pui32Dii16Regs
                0x00000000       0x14 I:\ArmWorks\My_OS_3\lib\libdriver.a(interrupt.o)
 .rodata.g_pui32PendRegs
                0x00000000       0x14 I:\ArmWorks\My_OS_3\lib\libdriver.a(interrupt.o)
 vtable         0x00000000      0x400 I:\ArmWorks\My_OS_3\lib\libdriver.a(interrupt.o)
 .rodata.g_pui32Regs
                0x00000000       0x9c I:\ArmWorks\My_OS_3\lib\libdriver.a(interrupt.o)
 .rodata.g_pui32EnRegs
                0x00000000       0x14 I:\ArmWorks\My_OS_3\lib\libdriver.a(interrupt.o)
 .rodata.g_pui32UnpendRegs
                0x00000000       0x14 I:\ArmWorks\My_OS_3\lib\libdriver.a(interrupt.o)
 .text          0x00000000        0x0 I:\ArmWorks\My_OS_3\lib\libdriver.a(sysctl.o)
 .data          0x00000000        0x0 I:\ArmWorks\My_OS_3\lib\libdriver.a(sysctl.o)
 .bss           0x00000000        0x0 I:\ArmWorks\My_OS_3\lib\libdriver.a(sysctl.o)
 .text._SysCtlMemTimingGet
                0x00000000       0x24 I:\ArmWorks\My_OS_3\lib\libdriver.a(sysctl.o)
 .text.SysCtlSRAMSizeGet
                0x00000000       0x10 I:\ArmWorks\My_OS_3\lib\libdriver.a(sysctl.o)
 .text.SysCtlFlashSizeGet
                0x00000000       0x40 I:\ArmWorks\My_OS_3\lib\libdriver.a(sysctl.o)
 .text.SysCtlFlashSectorSizeGet
                0x00000000       0x3c I:\ArmWorks\My_OS_3\lib\libdriver.a(sysctl.o)
 .text.SysCtlPeripheralPresent
                0x00000000       0x34 I:\ArmWorks\My_OS_3\lib\libdriver.a(sysctl.o)
 .text.SysCtlPeripheralReady
                0x00000000       0x34 I:\ArmWorks\My_OS_3\lib\libdriver.a(sysctl.o)
 .text.SysCtlPeripheralPowerOn
                0x00000000       0x30 I:\ArmWorks\My_OS_3\lib\libdriver.a(sysctl.o)
 .text.SysCtlPeripheralPowerOff
                0x00000000       0x30 I:\ArmWorks\My_OS_3\lib\libdriver.a(sysctl.o)
 .text.SysCtlPeripheralReset
                0x00000000       0x48 I:\ArmWorks\My_OS_3\lib\libdriver.a(sysctl.o)
 .text.SysCtlPeripheralEnable
                0x00000000       0x30 I:\ArmWorks\My_OS_3\lib\libdriver.a(sysctl.o)
 .text.SysCtlPeripheralDisable
                0x00000000       0x30 I:\ArmWorks\My_OS_3\lib\libdriver.a(sysctl.o)
 .text.SysCtlPeripheralSleepEnable
                0x00000000       0x30 I:\ArmWorks\My_OS_3\lib\libdriver.a(sysctl.o)
 .text.SysCtlPeripheralSleepDisable
                0x00000000       0x30 I:\ArmWorks\My_OS_3\lib\libdriver.a(sysctl.o)
 .text.SysCtlPeripheralDeepSleepEnable
                0x00000000       0x30 I:\ArmWorks\My_OS_3\lib\libdriver.a(sysctl.o)
 .text.SysCtlPeripheralDeepSleepDisable
                0x00000000       0x30 I:\ArmWorks\My_OS_3\lib\libdriver.a(sysctl.o)
 .text.SysCtlPeripheralClockGating
                0x00000000       0x50 I:\ArmWorks\My_OS_3\lib\libdriver.a(sysctl.o)
 .text.SysCtlIntRegister
                0x00000000       0x14 I:\ArmWorks\My_OS_3\lib\libdriver.a(sysctl.o)
 .text.SysCtlIntUnregister
                0x00000000       0x12 I:\ArmWorks\My_OS_3\lib\libdriver.a(sysctl.o)
 .text.SysCtlIntEnable
                0x00000000       0x10 I:\ArmWorks\My_OS_3\lib\libdriver.a(sysctl.o)
 .text.SysCtlIntDisable
                0x00000000       0x10 I:\ArmWorks\My_OS_3\lib\libdriver.a(sysctl.o)
 .text.SysCtlIntClear
                0x00000000        0xc I:\ArmWorks\My_OS_3\lib\libdriver.a(sysctl.o)
 .text.SysCtlIntStatus
                0x00000000       0x18 I:\ArmWorks\My_OS_3\lib\libdriver.a(sysctl.o)
 .text.SysCtlLDOSleepSet
                0x00000000        0xc I:\ArmWorks\My_OS_3\lib\libdriver.a(sysctl.o)
 .text.SysCtlLDOSleepGet
                0x00000000        0xc I:\ArmWorks\My_OS_3\lib\libdriver.a(sysctl.o)
 .text.SysCtlLDODeepSleepSet
                0x00000000        0xc I:\ArmWorks\My_OS_3\lib\libdriver.a(sysctl.o)
 .text.SysCtlLDODeepSleepGet
                0x00000000        0xc I:\ArmWorks\My_OS_3\lib\libdriver.a(sysctl.o)
 .text.SysCtlSleepPowerSet
                0x00000000        0xc I:\ArmWorks\My_OS_3\lib\libdriver.a(sysctl.o)
 .text.SysCtlDeepSleepPowerSet
                0x00000000        0xc I:\ArmWorks\My_OS_3\lib\libdriver.a(sysctl.o)
 .text.SysCtlReset
                0x00000000       0x10 I:\ArmWorks\My_OS_3\lib\libdriver.a(sysctl.o)
 .text.SysCtlSleep
                0x00000000        0x4 I:\ArmWorks\My_OS_3\lib\libdriver.a(sysctl.o)
 .text.SysCtlDeepSleep
                0x00000000       0x20 I:\ArmWorks\My_OS_3\lib\libdriver.a(sysctl.o)
 .text.SysCtlResetCauseGet
                0x00000000        0xc I:\ArmWorks\My_OS_3\lib\libdriver.a(sysctl.o)
 .text.SysCtlResetCauseClear
                0x00000000       0x10 I:\ArmWorks\My_OS_3\lib\libdriver.a(sysctl.o)
 .text.SysCtlDelay
                0x00000000        0x6 I:\ArmWorks\My_OS_3\lib\libdriver.a(sysctl.o)
 .text.SysCtlMOSCConfigSet
                0x00000000        0xc I:\ArmWorks\My_OS_3\lib\libdriver.a(sysctl.o)
 .text.SysCtlPIOSCCalibrate
                0x00000000       0x54 I:\ArmWorks\My_OS_3\lib\libdriver.a(sysctl.o)
 .text.SysCtlResetBehaviorSet
                0x00000000        0xc I:\ArmWorks\My_OS_3\lib\libdriver.a(sysctl.o)
 .text.SysCtlResetBehaviorGet
                0x00000000        0xc I:\ArmWorks\My_OS_3\lib\libdriver.a(sysctl.o)
 .text.SysCtlClockFreqSet
                0x00000000      0x264 I:\ArmWorks\My_OS_3\lib\libdriver.a(sysctl.o)
 .text.SysCtlClockSet
                0x00000000      0x128 I:\ArmWorks\My_OS_3\lib\libdriver.a(sysctl.o)
 .text.SysCtlDeepSleepClockSet
                0x00000000        0xc I:\ArmWorks\My_OS_3\lib\libdriver.a(sysctl.o)
 .text.SysCtlDeepSleepClockConfigSet
                0x00000000       0x68 I:\ArmWorks\My_OS_3\lib\libdriver.a(sysctl.o)
 .text.SysCtlPWMClockSet
                0x00000000       0x14 I:\ArmWorks\My_OS_3\lib\libdriver.a(sysctl.o)
 .text.SysCtlPWMClockGet
                0x00000000       0x18 I:\ArmWorks\My_OS_3\lib\libdriver.a(sysctl.o)
 .text.SysCtlGPIOAHBEnable
                0x00000000       0x1c I:\ArmWorks\My_OS_3\lib\libdriver.a(sysctl.o)
 .text.SysCtlGPIOAHBDisable
                0x00000000       0x1c I:\ArmWorks\My_OS_3\lib\libdriver.a(sysctl.o)
 .text.SysCtlUSBPLLEnable
                0x00000000       0x10 I:\ArmWorks\My_OS_3\lib\libdriver.a(sysctl.o)
 .text.SysCtlUSBPLLDisable
                0x00000000       0x10 I:\ArmWorks\My_OS_3\lib\libdriver.a(sysctl.o)
 .text.SysCtlVoltageEventConfig
                0x00000000        0xc I:\ArmWorks\My_OS_3\lib\libdriver.a(sysctl.o)
 .text.SysCtlVoltageEventStatus
                0x00000000        0xc I:\ArmWorks\My_OS_3\lib\libdriver.a(sysctl.o)
 .text.SysCtlVoltageEventClear
                0x00000000       0x10 I:\ArmWorks\My_OS_3\lib\libdriver.a(sysctl.o)
 .text.SysCtlNMIStatus
                0x00000000        0xc I:\ArmWorks\My_OS_3\lib\libdriver.a(sysctl.o)
 .text.SysCtlNMIClear
                0x00000000       0x10 I:\ArmWorks\My_OS_3\lib\libdriver.a(sysctl.o)
 .text.SysCtlClockOutConfig
                0x00000000       0x14 I:\ArmWorks\My_OS_3\lib\libdriver.a(sysctl.o)
 .text.SysCtlAltClkConfig
                0x00000000        0xc I:\ArmWorks\My_OS_3\lib\libdriver.a(sysctl.o)
 .rodata.g_pppui32XTALtoVCO
                0x00000000      0x120 I:\ArmWorks\My_OS_3\lib\libdriver.a(sysctl.o)
 .rodata.g_pui32VCOFrequencies
                0x00000000        0x8 I:\ArmWorks\My_OS_3\lib\libdriver.a(sysctl.o)
 .rodata.g_sXTALtoMEMTIM
                0x00000000       0x30 I:\ArmWorks\My_OS_3\lib\libdriver.a(sysctl.o)
 .text          0x00000000        0x0 I:\ArmWorks\My_OS_3\lib\libdriver.a(systick.o)
 .data          0x00000000        0x0 I:\ArmWorks\My_OS_3\lib\libdriver.a(systick.o)
 .bss           0x00000000        0x0 I:\ArmWorks\My_OS_3\lib\libdriver.a(systick.o)
 .text.SysTickDisable
                0x00000000       0x10 I:\ArmWorks\My_OS_3\lib\libdriver.a(systick.o)
 .text.SysTickIntRegister
                0x00000000       0x1c I:\ArmWorks\My_OS_3\lib\libdriver.a(systick.o)
 .text.SysTickIntUnregister
                0x00000000       0x14 I:\ArmWorks\My_OS_3\lib\libdriver.a(systick.o)
 .text.SysTickIntDisable
                0x00000000       0x10 I:\ArmWorks\My_OS_3\lib\libdriver.a(systick.o)
 .text.SysTickPeriodGet
                0x00000000        0xc I:\ArmWorks\My_OS_3\lib\libdriver.a(systick.o)
 .text.SysTickValueGet
                0x00000000        0xc I:\ArmWorks\My_OS_3\lib\libdriver.a(systick.o)
 .text          0x00000000        0x0 I:\ArmWorks\My_OS_3\lib\libdriver.a(cpu.o)
 .data          0x00000000        0x0 I:\ArmWorks\My_OS_3\lib\libdriver.a(cpu.o)
 .bss           0x00000000        0x0 I:\ArmWorks\My_OS_3\lib\libdriver.a(cpu.o)
 .text.CPUcpsid
                0x00000000        0x8 I:\ArmWorks\My_OS_3\lib\libdriver.a(cpu.o)
 .text.CPUprimask
                0x00000000        0x6 I:\ArmWorks\My_OS_3\lib\libdriver.a(cpu.o)
 .text.CPUwfi   0x00000000        0x4 I:\ArmWorks\My_OS_3\lib\libdriver.a(cpu.o)
 .text.CPUbasepriSet
                0x00000000        0x6 I:\ArmWorks\My_OS_3\lib\libdriver.a(cpu.o)
 .text.CPUbasepriGet
                0x00000000        0x6 I:\ArmWorks\My_OS_3\lib\libdriver.a(cpu.o)

Memory Configuration

Name             Origin             Length             Attributes
FLASH            0x00000000         0x00040000         xr
SRAM             0x20000000         0x00008000         xrw
*default*        0x00000000         0xffffffff

Linker script and memory map

LOAD ./system/_syscall.o
LOAD ./system/startup_gcc.o
LOAD ./src/getSp.o
LOAD ./src/interrupt_timer.o
LOAD ./src/led.o
LOAD ./src/resetHandler.o
LOAD ./src/systick.o
LOAD ./src/task.o
LOAD ./src/task_add.o
LOAD ./src/task_judege.o
LOAD ./main.o
START GROUP
LOAD f:/arm development suit/arm-none-eabi/bin/../lib/gcc/arm-none-eabi/4.9.3/armv7e-m\libgcc.a
LOAD f:/arm development suit/arm-none-eabi/bin/../lib/gcc/arm-none-eabi/4.9.3/../../../../arm-none-eabi/lib/armv7e-m\libg.a
LOAD f:/arm development suit/arm-none-eabi/bin/../lib/gcc/arm-none-eabi/4.9.3/../../../../arm-none-eabi/lib/armv7e-m\libc.a
END GROUP
START GROUP
LOAD I:\ArmWorks\My_OS_3\lib\libdriver.a
LOAD f:/arm development suit/arm-none-eabi/bin/../lib/gcc/arm-none-eabi/4.9.3/../../../../arm-none-eabi/lib/armv7e-m\libc.a
END GROUP
                0x00000400                stacksize = 0x400

.text           0x00000000      0x89c
                0x00000000                _text = .
 *(.isr_vector)
 .isr_vector    0x00000000      0x26c ./system/startup_gcc.o
                0x00000000                g_pfnVectors
 *(.text*)
 .text.ResetISR
                0x0000026c       0x7c ./system/startup_gcc.o
                0x0000026c                ResetISR
 .text.NmiSR    0x000002e8        0x8 ./system/startup_gcc.o
 .text.FaultISR
                0x000002f0        0x8 ./system/startup_gcc.o
 .text.IntDefaultHandler
                0x000002f8        0x8 ./system/startup_gcc.o
 .text.getNextSp
                0x00000300       0xa8 ./src/getSp.o
                0x00000300                getNextSp
 .text          0x000003a8       0x28 ./src/interrupt_timer.o
                0x000003a8                SysTick_handler
 .text.led_init
                0x000003d0       0x3c ./src/led.o
                0x000003d0                led_init
 .text.ledOpen  0x0000040c       0x24 ./src/led.o
                0x0000040c                ledOpen
 .text.ledClose
                0x00000430       0x24 ./src/led.o
                0x00000430                ledClose
 .text.SystickInit
                0x00000454       0x34 ./src/systick.o
                0x00000454                SystickInit
 .text.delay    0x00000488       0x2c ./src/task.o
                0x00000488                delay
 .text.led1_task
                0x000004b4       0x64 ./src/task.o
                0x000004b4                led1_task
 .text.led2_task
                0x00000518       0x64 ./src/task.o
                0x00000518                led2_task
 .text.led3_task
                0x0000057c        0xc ./src/task.o
                0x0000057c                led3_task
 .text.setTask1
                0x00000588       0x34 ./src/task_add.o
                0x00000588                setTask1
 .text.setTask2
                0x000005bc       0x34 ./src/task_add.o
                0x000005bc                setTask2
 .text.setTask3
                0x000005f0       0x34 ./src/task_add.o
                0x000005f0                setTask3
 .text.Led_handler
                0x00000624       0x2c ./main.o
                0x00000624                Led_handler
 .text.main     0x00000650       0x40 ./main.o
                0x00000650                main
 .text.IntMasterEnable
                0x00000690        0xe I:\ArmWorks\My_OS_3\lib\libdriver.a(interrupt.o)
                0x00000690                IntMasterEnable
 *fill*         0x0000069e        0x2 
 .text.SysCtlClockGet
                0x000006a0      0x15c I:\ArmWorks\My_OS_3\lib\libdriver.a(sysctl.o)
                0x000006a0                SysCtlClockGet
 .text.SysTickEnable
                0x000007fc       0x10 I:\ArmWorks\My_OS_3\lib\libdriver.a(systick.o)
                0x000007fc                SysTickEnable
 .text.SysTickIntEnable
                0x0000080c       0x10 I:\ArmWorks\My_OS_3\lib\libdriver.a(systick.o)
                0x0000080c                SysTickIntEnable
 .text.SysTickPeriodSet
                0x0000081c        0xc I:\ArmWorks\My_OS_3\lib\libdriver.a(systick.o)
                0x0000081c                SysTickPeriodSet
 .text.CPUcpsie
                0x00000828        0x8 I:\ArmWorks\My_OS_3\lib\libdriver.a(cpu.o)
                0x00000828                CPUcpsie
 *(.rodata*)
 .rodata.g_pui32Xtals
                0x00000830       0x6c I:\ArmWorks\My_OS_3\lib\libdriver.a(sysctl.o)
                0x0000089c                _etext = .

.glue_7         0x0000089c        0x0
 .glue_7        0x00000000        0x0 linker stubs

.glue_7t        0x0000089c        0x0
 .glue_7t       0x00000000        0x0 linker stubs

.vfp11_veneer   0x0000089c        0x0
 .vfp11_veneer  0x00000000        0x0 linker stubs

.v4_bx          0x0000089c        0x0
 .v4_bx         0x00000000        0x0 linker stubs

.iplt           0x0000089c        0x0
 .iplt          0x00000000        0x0 ./system/_syscall.o

.rel.dyn        0x0000089c        0x0
 .rel.iplt      0x00000000        0x0 ./system/_syscall.o

.data           0x20000000        0x6 load address 0x0000089c
                0x20000000                _data = .
 *(vtable)
 *(.data*)
 .data.pspstackTop
                0x20000000        0x4 ./system/startup_gcc.o
 .data._islight.4737
                0x20000004        0x1 ./src/task.o
 .data._islight.4741
                0x20000005        0x1 ./src/task.o
                0x20000006                _edata = .

.igot.plt       0x20000008        0x0 load address 0x000008a4
 .igot.plt      0x00000000        0x0 ./system/_syscall.o

.bss            0x20000008      0x484 load address 0x000008a4
                0x20000008                _bss = .
 *(.bss*)
 .bss.isOpen.4729
                0x20000008        0x1 ./main.o
 *(COMMON)
 *fill*         0x20000009        0x3 
 COMMON         0x2000000c      0x180 ./system/startup_gcc.o
                0x2000000c                pui32Stack
                0x2000010c                pspstack
 COMMON         0x2000018c      0x300 ./src/task_add.o
                0x2000018c                task2_stack
                0x2000028c                task3_stack
                0x2000038c                task1_stack
                0x2000048c                _ebss = .
                0x2000048c                . = ALIGN (0x4)
OUTPUT(My_OS_3.elf elf32-littlearm)

.debug_info     0x00000000      0x912
 .debug_info    0x00000000      0x1d3 ./system/startup_gcc.o
 .debug_info    0x000001d3      0x128 ./src/getSp.o
 .debug_info    0x000002fb       0x5b ./src/interrupt_timer.o
 .debug_info    0x00000356      0x130 ./src/led.o
 .debug_info    0x00000486      0x121 ./src/systick.o
 .debug_info    0x000005a7      0x147 ./src/task.o
 .debug_info    0x000006ee      0x156 ./src/task_add.o
 .debug_info    0x00000844       0xce ./main.o

.debug_abbrev   0x00000000      0x4f6
 .debug_abbrev  0x00000000       0xdc ./system/startup_gcc.o
 .debug_abbrev  0x000000dc       0xb8 ./src/getSp.o
 .debug_abbrev  0x00000194       0x14 ./src/interrupt_timer.o
 .debug_abbrev  0x000001a8       0xdb ./src/led.o
 .debug_abbrev  0x00000283       0xa0 ./src/systick.o
 .debug_abbrev  0x00000323       0xb0 ./src/task.o
 .debug_abbrev  0x000003d3       0x96 ./src/task_add.o
 .debug_abbrev  0x00000469       0x8d ./main.o

.debug_aranges  0x00000000      0x188
 .debug_aranges
                0x00000000       0x50 ./system/startup_gcc.o
 .debug_aranges
                0x00000050       0x28 ./src/getSp.o
 .debug_aranges
                0x00000078       0x20 ./src/interrupt_timer.o
 .debug_aranges
                0x00000098       0x38 ./src/led.o
 .debug_aranges
                0x000000d0       0x20 ./src/systick.o
 .debug_aranges
                0x000000f0       0x40 ./src/task.o
 .debug_aranges
                0x00000130       0x30 ./src/task_add.o
 .debug_aranges
                0x00000160       0x28 ./main.o

.debug_ranges   0x00000000       0xf8
 .debug_ranges  0x00000000       0x40 ./system/startup_gcc.o
 .debug_ranges  0x00000040       0x18 ./src/getSp.o
 .debug_ranges  0x00000058       0x28 ./src/led.o
 .debug_ranges  0x00000080       0x10 ./src/systick.o
 .debug_ranges  0x00000090       0x30 ./src/task.o
 .debug_ranges  0x000000c0       0x20 ./src/task_add.o
 .debug_ranges  0x000000e0       0x18 ./main.o

.debug_macro    0x00000000     0xe8c9
 .debug_macro   0x00000000       0x5d ./system/startup_gcc.o
 .debug_macro   0x0000005d       0x22 ./system/startup_gcc.o
 .debug_macro   0x0000007f       0x44 ./system/startup_gcc.o
 .debug_macro   0x000000c3       0x1c ./system/startup_gcc.o
 .debug_macro   0x000000df      0x1f7 ./system/startup_gcc.o
 .debug_macro   0x000002d6     0x1342 ./system/startup_gcc.o
 .debug_macro   0x00001618       0x67 ./system/startup_gcc.o
 .debug_macro   0x0000167f       0x64 ./src/getSp.o
 .debug_macro   0x000016e3     0xb530 ./src/getSp.o
 .debug_macro   0x0000cc13       0x87 ./src/led.o
 .debug_macro   0x0000cc9a      0x25e ./src/led.o
 .debug_macro   0x0000cef8       0x22 ./src/led.o
 .debug_macro   0x0000cf1a      0x101 ./src/led.o
 .debug_macro   0x0000d01b      0xa88 ./src/led.o
 .debug_macro   0x0000daa3       0x16 ./src/led.o
 .debug_macro   0x0000dab9       0x5e ./src/systick.o
 .debug_macro   0x0000db17       0xee ./src/task.o
 .debug_macro   0x0000dc05       0x10 ./src/task.o
 .debug_macro   0x0000dc15       0x46 ./src/task.o
 .debug_macro   0x0000dc5b       0xdc ./src/task.o
 .debug_macro   0x0000dd37      0x17a ./src/task.o
 .debug_macro   0x0000deb1       0x10 ./src/task.o
 .debug_macro   0x0000dec1      0x2ca ./src/task.o
 .debug_macro   0x0000e18b      0x100 ./src/task_add.o
 .debug_macro   0x0000e28b       0x58 ./src/task_add.o
 .debug_macro   0x0000e2e3       0x35 ./src/task_add.o
 .debug_macro   0x0000e318       0x9c ./src/task_add.o
 .debug_macro   0x0000e3b4       0x16 ./src/task_add.o
 .debug_macro   0x0000e3ca      0x10e ./src/task_add.o
 .debug_macro   0x0000e4d8       0x86 ./src/task_add.o
 .debug_macro   0x0000e55e       0x52 ./src/task_add.o
 .debug_macro   0x0000e5b0       0x16 ./src/task_add.o
 .debug_macro   0x0000e5c6       0x43 ./src/task_add.o
 .debug_macro   0x0000e609      0x180 ./src/task_add.o
 .debug_macro   0x0000e789       0x16 ./src/task_add.o
 .debug_macro   0x0000e79f       0x29 ./src/task_add.o
 .debug_macro   0x0000e7c8       0x10 ./src/task_add.o
 .debug_macro   0x0000e7d8       0xf1 ./main.o

.debug_line     0x00000000     0x1205
 .debug_line    0x00000000      0x267 ./system/startup_gcc.o
 .debug_line    0x00000267      0x218 ./src/getSp.o
 .debug_line    0x0000047f       0x59 ./src/interrupt_timer.o
 .debug_line    0x000004d8      0x295 ./src/led.o
 .debug_line    0x0000076d      0x1c8 ./src/systick.o
 .debug_line    0x00000935      0x359 ./src/task.o
 .debug_line    0x00000c8e      0x26a ./src/task_add.o
 .debug_line    0x00000ef8      0x30d ./main.o

.debug_str      0x00000000    0x444e7
 .debug_str     0x00000000     0x8259 ./system/startup_gcc.o
                               0x83a7 (size before relaxing)
 .debug_str     0x00008259    0x353dd ./src/getSp.o
                              0x3c29f (size before relaxing)
 .debug_str     0x0003d636     0x3c13 ./src/led.o
                              0x3fe3b (size before relaxing)
 .debug_str     0x00041249       0x91 ./src/systick.o
                               0x3067 (size before relaxing)
 .debug_str     0x000412da     0x1b98 ./src/task.o
                              0x41f47 (size before relaxing)
 .debug_str     0x00042e72     0x1653 ./src/task_add.o
                               0x46ac (size before relaxing)
 .debug_str     0x000444c5       0x22 ./main.o
                              0x41f34 (size before relaxing)

.comment        0x00000000       0x9b
 .comment       0x00000000       0x70 ./system/startup_gcc.o
                                 0x71 (size before relaxing)
 .comment       0x00000000       0x71 ./src/getSp.o
 .comment       0x00000000       0x71 ./src/led.o
 .comment       0x00000000       0x71 ./src/systick.o
 .comment       0x00000000       0x71 ./src/task.o
 .comment       0x00000000       0x71 ./src/task_add.o
 .comment       0x00000000       0x71 ./main.o
 .comment       0x00000070       0x2b I:\ArmWorks\My_OS_3\lib\libdriver.a(interrupt.o)
                                 0x2c (size before relaxing)
 .comment       0x00000000       0x2c I:\ArmWorks\My_OS_3\lib\libdriver.a(sysctl.o)
 .comment       0x00000000       0x2c I:\ArmWorks\My_OS_3\lib\libdriver.a(systick.o)
 .comment       0x00000000       0x2c I:\ArmWorks\My_OS_3\lib\libdriver.a(cpu.o)

.ARM.attributes
                0x00000000       0x37
 .ARM.attributes
                0x00000000       0x33 ./system/startup_gcc.o
 .ARM.attributes
                0x00000033       0x33 ./src/getSp.o
 .ARM.attributes
                0x00000066       0x21 ./src/interrupt_timer.o
 .ARM.attributes
                0x00000087       0x33 ./src/led.o
 .ARM.attributes
                0x000000ba       0x33 ./src/systick.o
 .ARM.attributes
                0x000000ed       0x33 ./src/task.o
 .ARM.attributes
                0x00000120       0x33 ./src/task_add.o
 .ARM.attributes
                0x00000153       0x33 ./main.o
 .ARM.attributes
                0x00000186       0x37 I:\ArmWorks\My_OS_3\lib\libdriver.a(interrupt.o)
 .ARM.attributes
                0x000001bd       0x37 I:\ArmWorks\My_OS_3\lib\libdriver.a(sysctl.o)
 .ARM.attributes
                0x000001f4       0x37 I:\ArmWorks\My_OS_3\lib\libdriver.a(systick.o)
 .ARM.attributes
                0x0000022b       0x37 I:\ArmWorks\My_OS_3\lib\libdriver.a(cpu.o)

.debug_frame    0x00000000      0x398
 .debug_frame   0x00000000       0xdc ./system/startup_gcc.o
 .debug_frame   0x000000dc       0x60 ./src/getSp.o
 .debug_frame   0x0000013c       0xa4 ./src/led.o
 .debug_frame   0x000001e0       0x34 ./src/systick.o
 .debug_frame   0x00000214       0xb4 ./src/task.o
 .debug_frame   0x000002c8       0x88 ./src/task_add.o
 .debug_frame   0x00000350       0x48 ./main.o
