Archive member included to satisfy reference by file (symbol)

z:/gcc-arm-none-eabi-5_2/bin/../lib/gcc/arm-none-eabi/5.2.1\libgcc.a(_udivsi3.o)
                              ./system/audio_test.o (__aeabi_uidiv)
z:/gcc-arm-none-eabi-5_2/bin/../lib/gcc/arm-none-eabi/5.2.1\libgcc.a(_divsi3.o)
                              ./system/emwin/emsrc/FramewinDLG.o (__aeabi_idiv)
z:/gcc-arm-none-eabi-5_2/bin/../lib/gcc/arm-none-eabi/5.2.1\libgcc.a(_dvmd_tls.o)
                              z:/gcc-arm-none-eabi-5_2/bin/../lib/gcc/arm-none-eabi/5.2.1\libgcc.a(_udivsi3.o) (__aeabi_idiv0)
z:/gcc-arm-none-eabi-5_2/bin/../lib/gcc/arm-none-eabi/5.2.1/../../../../arm-none-eabi/lib\libg.a(lib_a-ctime.o)
                              ./system/rtc/rtc.o (ctime)
z:/gcc-arm-none-eabi-5_2/bin/../lib/gcc/arm-none-eabi/5.2.1/../../../../arm-none-eabi/lib\libg.a(lib_a-errno.o)
                              ./system/newlib/_sbrk.o (__errno)
z:/gcc-arm-none-eabi-5_2/bin/../lib/gcc/arm-none-eabi/5.2.1/../../../../arm-none-eabi/lib\libg.a(lib_a-impure.o)
                              z:/gcc-arm-none-eabi-5_2/bin/../lib/gcc/arm-none-eabi/5.2.1/../../../../arm-none-eabi/lib\libg.a(lib_a-errno.o) (_impure_ptr)
z:/gcc-arm-none-eabi-5_2/bin/../lib/gcc/arm-none-eabi/5.2.1/../../../../arm-none-eabi/lib\libg.a(lib_a-lcltime.o)
                              z:/gcc-arm-none-eabi-5_2/bin/../lib/gcc/arm-none-eabi/5.2.1/../../../../arm-none-eabi/lib\libg.a(lib_a-ctime.o) (localtime)
z:/gcc-arm-none-eabi-5_2/bin/../lib/gcc/arm-none-eabi/5.2.1/../../../../arm-none-eabi/lib\libg.a(lib_a-lcltime_r.o)
                              z:/gcc-arm-none-eabi-5_2/bin/../lib/gcc/arm-none-eabi/5.2.1/../../../../arm-none-eabi/lib\libg.a(lib_a-lcltime.o) (localtime_r)
z:/gcc-arm-none-eabi-5_2/bin/../lib/gcc/arm-none-eabi/5.2.1/../../../../arm-none-eabi/lib\libg.a(lib_a-malloc.o)
                              ./system/audio_test.o (malloc)
z:/gcc-arm-none-eabi-5_2/bin/../lib/gcc/arm-none-eabi/5.2.1/../../../../arm-none-eabi/lib\libg.a(lib_a-mallocr.o)
                              z:/gcc-arm-none-eabi-5_2/bin/../lib/gcc/arm-none-eabi/5.2.1/../../../../arm-none-eabi/lib\libg.a(lib_a-malloc.o) (_malloc_r)
z:/gcc-arm-none-eabi-5_2/bin/../lib/gcc/arm-none-eabi/5.2.1/../../../../arm-none-eabi/lib\libg.a(lib_a-memcpy-stub.o)
                              ./system/audio_test.o (memcpy)
z:/gcc-arm-none-eabi-5_2/bin/../lib/gcc/arm-none-eabi/5.2.1/../../../../arm-none-eabi/lib\libg.a(lib_a-memset.o)
                              ./system/audio_test.o (memset)
z:/gcc-arm-none-eabi-5_2/bin/../lib/gcc/arm-none-eabi/5.2.1/../../../../arm-none-eabi/lib\libg.a(lib_a-mlock.o)
                              z:/gcc-arm-none-eabi-5_2/bin/../lib/gcc/arm-none-eabi/5.2.1/../../../../arm-none-eabi/lib\libg.a(lib_a-mallocr.o) (__malloc_lock)
z:/gcc-arm-none-eabi-5_2/bin/../lib/gcc/arm-none-eabi/5.2.1/../../../../arm-none-eabi/lib\libg.a(lib_a-month_lengths.o)
                              z:/gcc-arm-none-eabi-5_2/bin/../lib/gcc/arm-none-eabi/5.2.1/../../../../arm-none-eabi/lib\libg.a(lib_a-lcltime_r.o) (__month_lengths)
z:/gcc-arm-none-eabi-5_2/bin/../lib/gcc/arm-none-eabi/5.2.1/../../../../arm-none-eabi/lib\libg.a(lib_a-sbrkr.o)
                              z:/gcc-arm-none-eabi-5_2/bin/../lib/gcc/arm-none-eabi/5.2.1/../../../../arm-none-eabi/lib\libg.a(lib_a-mallocr.o) (_sbrk_r)
z:/gcc-arm-none-eabi-5_2/bin/../lib/gcc/arm-none-eabi/5.2.1/../../../../arm-none-eabi/lib\libg.a(lib_a-sprintf.o)
                              ./system/emwin/emsrc/FramewinDLG.o (sprintf)
z:/gcc-arm-none-eabi-5_2/bin/../lib/gcc/arm-none-eabi/5.2.1/../../../../arm-none-eabi/lib\libg.a(lib_a-sscanf.o)
                              ./system/emwin/emsrc/FramewinDLG.o (sscanf)
z:/gcc-arm-none-eabi-5_2/bin/../lib/gcc/arm-none-eabi/5.2.1/../../../../arm-none-eabi/lib\libg.a(lib_a-stdio.o)
                              z:/gcc-arm-none-eabi-5_2/bin/../lib/gcc/arm-none-eabi/5.2.1/../../../../arm-none-eabi/lib\libg.a(lib_a-sscanf.o) (__seofread)
z:/gcc-arm-none-eabi-5_2/bin/../lib/gcc/arm-none-eabi/5.2.1/../../../../arm-none-eabi/lib\libg.a(lib_a-strlen-stub.o)
                              ./system/emwin/emsrc/FramewinDLG.o (strlen)
z:/gcc-arm-none-eabi-5_2/bin/../lib/gcc/arm-none-eabi/5.2.1/../../../../arm-none-eabi/lib\libg.a(lib_a-svfprintf.o)
                              z:/gcc-arm-none-eabi-5_2/bin/../lib/gcc/arm-none-eabi/5.2.1/../../../../arm-none-eabi/lib\libg.a(lib_a-sprintf.o) (_svfprintf_r)
z:/gcc-arm-none-eabi-5_2/bin/../lib/gcc/arm-none-eabi/5.2.1/../../../../arm-none-eabi/lib\libg.a(lib_a-svfscanf.o)
                              z:/gcc-arm-none-eabi-5_2/bin/../lib/gcc/arm-none-eabi/5.2.1/../../../../arm-none-eabi/lib\libg.a(lib_a-sscanf.o) (__ssvfscanf_r)
z:/gcc-arm-none-eabi-5_2/bin/../lib/gcc/arm-none-eabi/5.2.1/../../../../arm-none-eabi/lib\libg.a(lib_a-tzcalc_limits.o)
[...]
Memory Configuration

Name             Origin             Length             Attributes
FLASH            0x00000000         0x00800000         xrw
RAM              0x00800000         0x00400000         xrw
CCMRAM           0x10000000         0x00010000         xrw
FLASHB1          0x00000000         0x00000000         xr
EXTMEMB0         0x00000000         0x00000000         xr
EXTMEMB1         0x00000000         0x00000000         xr
EXTMEMB2         0x00000000         0x00000000         xr
EXTMEMB3         0x00000000         0x00000000         xr
MEMORY_ARRAY     0x20002000         0x00000020         xrw
*default*        0x00000000         0xffffffff

Linker script and memory map

START GROUP
LOAD z:/gcc-arm-none-eabi-5_2/bin/../lib/gcc/arm-none-eabi/5.2.1\libgcc.a
LOAD z:/gcc-arm-none-eabi-5_2/bin/../lib/gcc/arm-none-eabi/5.2.1/../../../../arm-none-eabi/lib\libc.a
LOAD z:/gcc-arm-none-eabi-5_2/bin/../lib/gcc/arm-none-eabi/5.2.1/../../../../arm-none-eabi/lib\libc.a
LOAD z:/gcc-arm-none-eabi-5_2/bin/../lib/gcc/arm-none-eabi/5.2.1/../../../../arm-none-eabi/lib\libm.a
LOAD z:/gcc-arm-none-eabi-5_2/bin/../lib/gcc/arm-none-eabi/5.2.1/../../../../arm-none-eabi/lib\librdimon.a
END GROUP
LOAD ./system/rtc/mktime.o
LOAD ./system/rtc/rtc.o
LOAD ./system/newlib/_exit.o
LOAD ./system/newlib/_sbrk.o
LOAD ./system/newlib/_startup.o
LOAD ./system/newlib/_syscalls.o
LOAD ./system/newlib/assert.o
LOAD ./system/emwin/emsrc/FramewinDLG.o
LOAD ./system/emwin/emsrc/bmp_calculator.o
LOAD ./system/emwin/emsrc/bmp_calendar.o
LOAD ./system/emwin/emsrc/bmp_music.o
LOAD ./system/emwin/emsrc/mainMenuDLG.o
LOAD ./system/emwin/emWin_Config/GUIConf.o
LOAD ./system/emwin/emWin_Config/GUIDRV_Template.o
LOAD ./system/emwin/emWin_Config/GUI_X.o
LOAD ./system/emwin/emWin_Config/LCDConf.o
LOAD ./system/emwin/emWin_Config/SIMConf.o
LOAD ./system/audio_test.o
LOAD ./system/rtc_test.o
LOAD ./src/GLCD.o
LOAD ./src/IRQ.o
LOAD ./src/RsetHandler.o
LOAD ./src/key.o
LOAD ./src/main.o
LOAD ./src/pic4.o
LOAD ./src/startup.o
LOAD ./src/startup_gcc.o
START GROUP
LOAD z:/gcc-arm-none-eabi-5_2/bin/../lib/gcc/arm-none-eabi/5.2.1\libgcc.a
LOAD z:/gcc-arm-none-eabi-5_2/bin/../lib/gcc/arm-none-eabi/5.2.1/../../../../arm-none-eabi/lib\libg.a
LOAD z:/gcc-arm-none-eabi-5_2/bin/../lib/gcc/arm-none-eabi/5.2.1/../../../../arm-none-eabi/lib\libc.a
END GROUP
START GROUP
LOAD z:/gcc-arm-none-eabi-5_2/bin/../lib/gcc/arm-none-eabi/5.2.1\libgcc.a
LOAD z:/gcc-arm-none-eabi-5_2/bin/../lib/gcc/arm-none-eabi/5.2.1/../../../../arm-none-eabi/lib\libc.a
LOAD z:/gcc-arm-none-eabi-5_2/bin/../lib/gcc/arm-none-eabi/5.2.1/../../../../arm-none-eabi/lib\librdimon.a
END GROUP
START GROUP
LOAD z:/gcc-arm-none-eabi-5_2/bin/../lib/gcc/arm-none-eabi/5.2.1/../../../../arm-none-eabi/lib\libm.a
LOAD z:/gcc-arm-none-eabi-5_2/bin/../lib/gcc/arm-none-eabi/5.2.1\libgcc.a
LOAD z:/gcc-arm-none-eabi-5_2/bin/../lib/gcc/arm-none-eabi/5.2.1/../../../../arm-none-eabi/lib\libc.a
LOAD Audio.a
LOAD D:\Users\kohill\workspace\arm7sdram\ldscript\GPIO.a
LOAD D:\Users\kohill\workspace\arm7sdram\ldscript\i2clib.a
LOAD D:\Users\kohill\workspace\arm7sdram\ldscript\KPI_EVB.a
LOAD D:\Users\kohill\workspace\arm7sdram\ldscript\LCDC.a
LOAD D:\Users\kohill\workspace\arm7sdram\ldscript\MAC.a
LOAD D:\Users\kohill\workspace\arm7sdram\ldscript\MassStroage_SingleTask.a
LOAD D:\Users\kohill\workspace\arm7sdram\ldscript\ps2lib.a
LOAD D:\Users\kohill\workspace\arm7sdram\ldscript\PWM.a
LOAD D:\Users\kohill\workspace\arm7sdram\ldscript\rtclib.a
LOAD D:\Users\kohill\workspace\arm7sdram\ldscript\sdiolib.a
LOAD D:\Users\kohill\workspace\arm7sdram\ldscript\smartcardlib.a
LOAD D:\Users\kohill\workspace\arm7sdram\ldscript\SYSLIB.a
LOAD D:\Users\kohill\workspace\arm7sdram\ldscript\UART.a
LOAD D:\Users\kohill\workspace\arm7sdram\ldscript\usilib.a
LOAD D:\Users\kohill\workspace\arm7sdram\ldscript\libemWin_ARM7TDMI.a
END GROUP
                0x00c00000                __stack = (ORIGIN (RAM) + LENGTH (RAM))
                0x00c00000                _estack = __stack
                0x00000400                __Main_Stack_Size = 0x400
                [!provide]                PROVIDE (_Main_Stack_Size, __Main_Stack_Size)
                0x00bffc00                __Main_Stack_Limit = (__stack - __Main_Stack_Size)
                [!provide]                PROVIDE (_Main_Stack_Limit, __Main_Stack_Limit)
                0x00000100                _Minimum_Stack_Size = 0x100
                0x008cdd44                PROVIDE (_Heap_Begin, _end_noinit)
                0x00bffc00                PROVIDE (_Heap_Limit, (__stack - __Main_Stack_Size))

.isr_vector     0x00000000      0x1d4
 FILL mask 0xff
                0x00000000                __vectors_start = ABSOLUTE (.)
                0x00000000                __vectors_start__ = ABSOLUTE (.)
 *(.isr_vector)
 .isr_vector    0x00000000       0x9c ./src/RsetHandler.o
                0x00000000                ResetISR
                0x00000070                __rt_udiv10
 *(.cfmconfig)
 *(.after_vectors .after_vectors.*)
 .after_vectors
                0x0000009c      0x138 ./system/newlib/_startup.o
                0x0000009c                _start

.inits          0x000001d4       0x28
                0x000001d4                __data_regions_array_start = .
                0x000001d4        0x4 LONG 0x9d684 LOADADDR (.data)
                0x000001d8        0x4 LONG 0x800000 ADDR (.data)
                0x000001dc        0x4 LONG 0x800c9c (ADDR (.data) + SIZEOF (.data))
                0x000001e0        0x4 LONG 0x9d684 LOADADDR (.data_CCMRAM)
                0x000001e4        0x4 LONG 0x10000000 ADDR (.data_CCMRAM)
                0x000001e8        0x4 LONG 0x10000000 (ADDR (.data_CCMRAM) + SIZEOF (.data_CCMRAM))
                0x000001ec                __data_regions_array_end = .
                0x000001ec                __bss_regions_array_start = .
                0x000001ec        0x4 LONG 0x800ca0 ADDR (.bss)
                0x000001f0        0x4 LONG 0x8cdd44 (ADDR (.bss) + SIZEOF (.bss))
                0x000001f4        0x4 LONG 0x10000000 ADDR (.bss_CCMRAM)
                0x000001f8        0x4 LONG 0x10000000 (ADDR (.bss_CCMRAM) + SIZEOF (.bss_CCMRAM))
                0x000001fc                __bss_regions_array_end = .
 *(.init)
 *(.fini)
                0x000001fc                . = ALIGN (0x4)
                0x000001fc                PROVIDE (__preinit_array_start, .)
 *(.preinit_array_sysinit .preinit_array_sysinit.*)
 *(.preinit_array_platform .preinit_array_platform.*)
 *(.preinit_array .preinit_array.*)
                0x000001fc                PROVIDE (__preinit_array_end, .)
                0x000001fc                . = ALIGN (0x4)
                0x000001fc                PROVIDE (__init_array_start, .)
 *(SORT(.init_array.*))
 *(.init_array)
                0x000001fc                PROVIDE (__init_array_end, .)
                0x000001fc                . = ALIGN (0x4)
                0x000001fc                PROVIDE (__fini_array_start, .)
 *(SORT(.fini_array.*))
 *(.fini_array)
                0x000001fc                PROVIDE (__fini_array_end, .)

.flashtext
 *(.flashtext .flashtext.*)

.text           0x00000200    0x9b574
 *(.text .text.*)
 .text.my_mktime
                0x00000200       0x9c ./system/rtc/mktime.o
                0x00000200                my_mktime
 .text.m_rtc_read
                0x0000029c       0x24 ./system/rtc/rtc.o
                0x0000029c                m_rtc_read
 .text.rtcwrite
                0x000002c0      0x11c ./system/rtc/rtc.o
                0x000002c0                rtcwrite
 .text.RTCInit  0x000003dc       0x2c ./system/rtc/rtc.o
                0x000003dc                RTCInit
 .text.m_rtc_init
                0x00000408       0xa4 ./system/rtc/rtc.o
                0x00000408                m_rtc_init
 .text._exit    0x000004ac        0x4 ./system/newlib/_exit.o
                0x000004ac                _exit
 .text._sbrk    0x000004b0       0x74 ./system/newlib/_sbrk.o
                0x000004b0                _sbrk
 .text.__initialize_args
                0x00000524       0x18 ./system/newlib/_syscalls.o
                0x00000524                __initialize_args
 .text._cbDialog
                0x0000053c      0x2b8 ./system/emwin/emsrc/FramewinDLG.o
 .text.CreateFramewin
                0x000007f4       0x4c ./system/emwin/emsrc/FramewinDLG.o
                0x000007f4                CreateFramewin
 .text.LineEditSetText
                0x00000840       0x30 ./system/emwin/emsrc/FramewinDLG.o
                0x00000840                LineEditSetText
 .text.GUI_X_Config
                0x00000870       0x28 ./system/emwin/emWin_Config/GUIConf.o
                0x00000870                GUI_X_Config
 .text._SetPixelIndex
                0x00000898       0x40 ./system/emwin/emWin_Config/GUIDRV_Template.o
 .text._GetPixelIndex
                0x000008d8        0x8 ./system/emwin/emWin_Config/GUIDRV_Template.o
 .text._XorPixel
                0x000008e0       0x44 ./system/emwin/emWin_Config/GUIDRV_Template.o
 .text._FillRect
                0x00000924       0xac ./system/emwin/emWin_Config/GUIDRV_Template.o
 .text._DrawHLine
                0x000009d0       0x1c ./system/emwin/emWin_Config/GUIDRV_Template.o
 .text._DrawVLine
                0x000009ec       0x20 ./system/emwin/emWin_Config/GUIDRV_Template.o
 .text._DrawBitLine1BPP
                0x00000a0c      0x15c ./system/emwin/emWin_Config/GUIDRV_Template.o
 .text._DrawBitLine2BPP
                0x00000b68      0x1a8 ./system/emwin/emWin_Config/GUIDRV_Template.o
 .text._DrawBitLine4BPP
                0x00000d10      0x1a8 ./system/emwin/emWin_Config/GUIDRV_Template.o
 .text._DrawBitLine8BPP
                0x00000eb8      0x118 ./system/emwin/emWin_Config/GUIDRV_Template.o
 .text._DrawBitLine16BPP
                0x00000fd0       0x48 ./system/emwin/emWin_Config/GUIDRV_Template.o
 .text._DrawBitLine32BPP
                0x00001018       0x48 ./system/emwin/emWin_Config/GUIDRV_Template.o
 .text._DrawBitmap
                0x00001060      0x21c ./system/emwin/emWin_Config/GUIDRV_Template.o
 .text._GetDevProp
                0x0000127c       0x8c ./system/emwin/emWin_Config/GUIDRV_Template.o
 .text._GetDevData
                0x00001308       0x1c ./system/emwin/emWin_Config/GUIDRV_Template.o
 .text._GetRect
                0x00001324       0x2c ./system/emwin/emWin_Config/GUIDRV_Template.o
 .text._GetDevFunc
                0x00001350       0x8c ./system/emwin/emWin_Config/GUIDRV_Template.o
 .text._SetLUTEntry
                0x000013dc       0x34 ./system/emwin/emWin_Config/GUIDRV_Template.o
 .text._Off     0x00001410       0x1c ./system/emwin/emWin_Config/GUIDRV_Template.o
 .text._On      0x0000142c       0x1c ./system/emwin/emWin_Config/GUIDRV_Template.o
 .text._SetOrg  0x00001448       0x2c ./system/emwin/emWin_Config/GUIDRV_Template.o
 .text._InitOnce
                0x00001474       0x50 ./system/emwin/emWin_Config/GUIDRV_Template.o
 .text._Init    0x000014c4       0x2c ./system/emwin/emWin_Config/GUIDRV_Template.o
 .text._SetSize
                0x000014f0       0x6c ./system/emwin/emWin_Config/GUIDRV_Template.o
 .text._SetVSize
                0x0000155c       0x30 ./system/emwin/emWin_Config/GUIDRV_Template.o
 .text._SetVRAMAddr
                0x0000158c       0x4c ./system/emwin/emWin_Config/GUIDRV_Template.o
 .text.GUI_X_GetTime
                0x000015d8       0x10 ./system/emwin/emWin_Config/GUI_X.o
                0x000015d8                GUI_X_GetTime
 .text.GUI_X_Init
                0x000015e8        0x4 ./system/emwin/emWin_Config/GUI_X.o
                0x000015e8                GUI_X_Init
 .text.GUI_X_GetTaskId
                0x000015ec        0x8 ./system/emwin/emWin_Config/GUI_X.o
                0x000015ec                GUI_X_GetTaskId
 .text.GUI_X_InitOS
                0x000015f4        0x4 ./system/emwin/emWin_Config/GUI_X.o
                0x000015f4                GUI_X_InitOS
 .text.GUI_X_Lock
                0x000015f8        0x4 ./system/emwin/emWin_Config/GUI_X.o
                0x000015f8                GUI_X_Lock
 .text.GUI_X_Unlock
                0x000015fc        0x4 ./system/emwin/emWin_Config/GUI_X.o
                0x000015fc                GUI_X_Unlock
 .text.LCD_X_Config
                0x00001600       0x78 ./system/emwin/emWin_Config/LCDConf.o
                0x00001600                LCD_X_Config
 .text.LCD_X_DisplayDriver
                0x00001678        0x8 ./system/emwin/emWin_Config/LCDConf.o
                0x00001678                LCD_X_DisplayDriver
 .text.Clean_TimerLED
                0x00001680       0x34 ./system/audio_test.o
 .text.Audio_PlayTest
                0x000016b4      0x170 ./system/audio_test.o
                0x000016b4                Audio_PlayTest
 .text.Display_RTC_Time
                0x00001824       0x44 ./system/rtc_test.o
 .text.RTC_Test
                0x00001868       0xc8 ./system/rtc_test.o
                0x00001868                RTC_Test
 .text.wait_while_busy
                0x00001930       0x24 ./src/GLCD.o
 .text.GLCD_init
                0x00001954      0x1fc ./src/GLCD.o
                0x00001954                GLCD_init
 .text.GLCD_bitmap
                0x00001b50       0x94 ./src/GLCD.o
                0x00001b50                GLCD_bitmap
 .text.IRQ_Handler
                0x00001be4      0x11c ./src/IRQ.o
                0x00001be4                IRQ_Handler
 .text.time     0x00001d00       0x20 ./src/IRQ.o
                0x00001d00                time
 .text.setTime_t
                0x00001d20       0x10 ./src/IRQ.o
                0x00001d20                setTime_t
 .text.KPIInit  0x00001d30       0x48 ./src/key.o
                0x00001d30                KPIInit
 .text.key_exec
                0x00001d78       0x24 ./src/key.o
                0x00001d78                key_exec
 .text.user_init
                0x00001d9c       0x34 ./src/main.o
                0x00001d9c                user_init
 .text.user_exec
                0x00001dd0       0x54 ./src/main.o
                0x00001dd0                user_exec
 .text.main     0x00001e24       0x98 ./src/main.o
                0x00001e24                main
 .text.ResetISR_C
                0x00001ebc       0x18 ./src/startup_gcc.o
                0x00001ebc                ResetISR_C
 .text          0x00001ed4      0x114 z:/gcc-arm-none-eabi-5_2/bin/../lib/gcc/arm-none-eabi/5.2.1\libgcc.a(_udivsi3.o)
                0x00001ed4                __aeabi_uidiv
                0x00001ed4                __udivsi3
                0x00001fc8                __aeabi_uidivmod
 .text          0x00001fe8      0x148 z:/gcc-arm-none-eabi-5_2/bin/../lib/gcc/arm-none-eabi/5.2.1\libgcc.a(_divsi3.o)
                0x00001fe8                __divsi3
                0x00001fe8                __aeabi_idiv
                0x00002110                __aeabi_idivmod
 .text          0x00002130        0x4 z:/gcc-arm-none-eabi-5_2/bin/../lib/gcc/arm-none-eabi/5.2.1\libgcc.a(_dvmd_tls.o)
                0x00002130                __aeabi_idiv0
                0x00002130                __aeabi_ldiv0
 .text.ctime    0x00002134       0x14 z:/gcc-arm-none-eabi-5_2/bin/../lib/gcc/arm-none-eabi/5.2.1/../../../../arm-none-eabi/lib\libg.a(lib_a-ctime.o)
                0x00002134                ctime
 .text.__errno  0x00002148       0x10 z:/gcc-arm-none-eabi-5_2/bin/../lib/gcc/arm-none-eabi/5.2.1/../../../../arm-none-eabi/lib\libg.a(lib_a-errno.o)
                0x00002148                __errno
 .text.localtime
                0x00002158       0x20 z:/gcc-arm-none-eabi-5_2/bin/../lib/gcc/arm-none-eabi/5.2.1/../../../../arm-none-eabi/lib\libg.a(lib_a-lcltime.o)
                0x00002158                localtime
 .text.localtime_r
                0x00002178      0x38c z:/gcc-arm-none-eabi-5_2/bin/../lib/gcc/arm-none-eabi/5.2.1/../../../../arm-none-eabi/lib\libg.a(lib_a-lcltime_r.o)
                0x00002178                localtime_r
 .text.malloc   0x00002504       0x20 z:/gcc-arm-none-eabi-5_2/bin/../lib/gcc/arm-none-eabi/5.2.1/../../../../arm-none-eabi/lib\libg.a(lib_a-malloc.o)
                0x00002504                malloc
 .text.free     0x00002524       0x20 z:/gcc-arm-none-eabi-5_2/bin/../lib/gcc/arm-none-eabi/5.2.1/../../../../arm-none-eabi/lib\libg.a(lib_a-malloc.o)
                0x00002524                free
 .text._malloc_r
                0x00002544      0x7a8 z:/gcc-arm-none-eabi-5_2/bin/../lib/gcc/arm-none-eabi/5.2.1/../../../../arm-none-eabi/lib\libg.a(lib_a-mallocr.o)
                0x00002544                _malloc_r
 .text.memcpy   0x00002cec       0xf0 z:/gcc-arm-none-eabi-5_2/bin/../lib/gcc/arm-none-eabi/5.2.1/../../../../arm-none-eabi/lib\libg.a(lib_a-memcpy-stub.o)
                0x00002cec                memcpy
 .text.memset   0x00002ddc       0xf4 z:/gcc-arm-none-eabi-5_2/bin/../lib/gcc/arm-none-eabi/5.2.1/../../../../arm-none-eabi/lib\libg.a(lib_a-memset.o)
                0x00002ddc                memset
 .text.__malloc_lock
                0x00002ed0        0x4 z:/gcc-arm-none-eabi-5_2/bin/../lib/gcc/arm-none-eabi/5.2.1/../../../../arm-none-eabi/lib\libg.a(lib_a-mlock.o)
                0x00002ed0                __malloc_lock
 .text.__malloc_unlock
                0x00002ed4        0x4 z:/gcc-arm-none-eabi-5_2/bin/../lib/gcc/arm-none-eabi/5.2.1/../../../../arm-none-eabi/lib\libg.a(lib_a-mlock.o)
                0x00002ed4                __malloc_unlock
 .text._sbrk_r  0x00002ed8       0x44 z:/gcc-arm-none-eabi-5_2/bin/../lib/gcc/arm-none-eabi/5.2.1/../../../../arm-none-eabi/lib\libg.a(lib_a-sbrkr.o)
                0x00002ed8                _sbrk_r
 .text.sprintf  0x00002f1c       0x74 z:/gcc-arm-none-eabi-5_2/bin/../lib/gcc/arm-none-eabi/5.2.1/../../../../arm-none-eabi/lib\libg.a(lib_a-sprintf.o)
                0x00002f1c                sprintf
 .text.sscanf   0x00002f90       0x80 z:/gcc-arm-none-eabi-5_2/bin/../lib/gcc/arm-none-eabi/5.2.1/../../../../arm-none-eabi/lib\libg.a(lib_a-sscanf.o)
                0x00002f90                sscanf
 .text.__seofread
                0x00003010        0x8 z:/gcc-arm-none-eabi-5_2/bin/../lib/gcc/arm-none-eabi/5.2.1/../../../../arm-none-eabi/lib\libg.a(lib_a-stdio.o)
                0x00003010                __seofread
 .text.strlen   0x00003018       0x60 z:/gcc-arm-none-eabi-5_2/bin/../lib/gcc/arm-none-eabi/5.2.1/../../../../arm-none-eabi/lib\libg.a(lib_a-strlen-stub.o)
                0x00003018                strlen
 .text._svfprintf_r
                0x00003078     0x2404 z:/gcc-arm-none-eabi-5_2/bin/../lib/gcc/arm-none-eabi/5.2.1/../../../../arm-none-eabi/lib\libg.a(lib_a-svfprintf.o)
                0x00003078                _svfprintf_r
 .text.__ssvfscanf_r
                0x0000547c     0x16c8 z:/gcc-arm-none-eabi-5_2/bin/../lib/gcc/arm-none-eabi/5.2.1/../../../../arm-none-eabi/lib\libg.a(lib_a-svfscanf.o)
                0x0000547c                __ssvfscanf_r
 .text.__tzcalc_limits
                0x00006b44      0x238 z:/gcc-arm-none-eabi-5_2/bin/../lib/gcc/arm-none-eabi/5.2.1/../../../../arm-none-eabi/lib\libg.a(lib_a-tzcalc_limits.o)
                0x00006b44                __tzcalc_limits
 .text.__tz_lock
                0x00006d7c        0x4 z:/gcc-arm-none-eabi-5_2/bin/../lib/gcc/arm-none-eabi/5.2.1/../../../../arm-none-eabi/lib\libg.a(lib_a-tzlock.o)
                0x00006d7c                __tz_lock
 .text.__tz_unlock
                0x00006d80        0x4 z:/gcc-arm-none-eabi-5_2/bin/../lib/gcc/arm-none-eabi/5.2.1/../../../../arm-none-eabi/lib\libg.a(lib_a-tzlock.o)
                0x00006d80                __tz_unlock
 .text._tzset_unlocked
                0x00006d84       0x1c z:/gcc-arm-none-eabi-5_2/bin/../lib/gcc/arm-none-eabi/5.2.1/../../../../arm-none-eabi/lib\libg.a(lib_a-tzset.o)
                0x00006d84                _tzset_unlocked
 .text._tzset_unlocked_r
                0x00006da0      0x498 z:/gcc-arm-none-eabi-5_2/bin/../lib/gcc/arm-none-eabi/5.2.1/../../../../arm-none-eabi/lib\libg.a(lib_a-tzset_r.o)
                0x00006da0                _tzset_unlocked_r
 .text.asctime  0x00007238       0x20 z:/gcc-arm-none-eabi-5_2/bin/../lib/gcc/arm-none-eabi/5.2.1/../../../../arm-none-eabi/lib\libg.a(lib_a-asctime.o)
                0x00007238                asctime
 .text.asctime_r
                0x00007258       0x80 z:/gcc-arm-none-eabi-5_2/bin/../lib/gcc/arm-none-eabi/5.2.1/../../../../arm-none-eabi/lib\libg.a(lib_a-asctime_r.o)
                0x00007258                asctime_r
 .text.quorem   0x000072d8      0x1d8 z:/gcc-arm-none-eabi-5_2/bin/../lib/gcc/arm-none-eabi/5.2.1/../../../../arm-none-eabi/lib\libg.a(lib_a-dtoa.o)
 .text._dtoa_r  0x000074b0     0x16e0 z:/gcc-arm-none-eabi-5_2/bin/../lib/gcc/arm-none-eabi/5.2.1/../../../../arm-none-eabi/lib\libg.a(lib_a-dtoa.o)
                0x000074b0                _dtoa_r
 .text._malloc_trim_r
                0x00008b90      0x100 z:/gcc-arm-none-eabi-5_2/bin/../lib/gcc/arm-none-eabi/5.2.1/../../../../arm-none-eabi/lib\libg.a(lib_a-freer.o)
                0x00008b90                _malloc_trim_r
 .text._free_r  0x00008c90      0x2ec z:/gcc-arm-none-eabi-5_2/bin/../lib/gcc/arm-none-eabi/5.2.1/../../../../arm-none-eabi/lib\libg.a(lib_a-freer.o)
                0x00008c90                _free_r
 .text._findenv_r
                0x00008f7c       0xd0 z:/gcc-arm-none-eabi-5_2/bin/../lib/gcc/arm-none-eabi/5.2.1/../../../../arm-none-eabi/lib\libg.a(lib_a-getenv_r.o)
                0x00008f7c                _findenv_r
 .text._getenv_r
                0x0000904c       0x1c z:/gcc-arm-none-eabi-5_2/bin/../lib/gcc/arm-none-eabi/5.2.1/../../../../arm-none-eabi/lib\libg.a(lib_a-getenv_r.o)
                0x0000904c                _getenv_r
 .text.__gettzinfo
                0x00009068        0xc z:/gcc-arm-none-eabi-5_2/bin/../lib/gcc/arm-none-eabi/5.2.1/../../../../arm-none-eabi/lib\libg.a(lib_a-gettzinfo.o)
                0x00009068                __gettzinfo
 .text.gmtime_r
                0x00009074      0x258 z:/gcc-arm-none-eabi-5_2/bin/../lib/gcc/arm-none-eabi/5.2.1/../../../../arm-none-eabi/lib\libg.a(lib_a-gmtime_r.o)
                0x00009074                gmtime_r
 .text.iswspace
                0x000092cc       0x24 z:/gcc-arm-none-eabi-5_2/bin/../lib/gcc/arm-none-eabi/5.2.1/../../../../arm-none-eabi/lib\libg.a(lib_a-iswspace.o)
                0x000092cc                iswspace
 .text.__locale_charset
                0x000092f0        0xc z:/gcc-arm-none-eabi-5_2/bin/../lib/gcc/arm-none-eabi/5.2.1/../../../../arm-none-eabi/lib\libg.a(lib_a-locale.o)
                0x000092f0                __locale_charset
 .text.__locale_mb_cur_max
                0x000092fc       0x10 z:/gcc-arm-none-eabi-5_2/bin/../lib/gcc/arm-none-eabi/5.2.1/../../../../arm-none-eabi/lib\libg.a(lib_a-locale.o)
                0x000092fc                __locale_mb_cur_max
 .text._localeconv_r
                0x0000930c        0xc z:/gcc-arm-none-eabi-5_2/bin/../lib/gcc/arm-none-eabi/5.2.1/../../../../arm-none-eabi/lib\libg.a(lib_a-locale.o)
                0x0000930c                _localeconv_r
 .text._mbrtowc_r
                0x00009318       0x9c z:/gcc-arm-none-eabi-5_2/bin/../lib/gcc/arm-none-eabi/5.2.1/../../../../arm-none-eabi/lib\libg.a(lib_a-mbrtowc.o)
                0x00009318                _mbrtowc_r
 .text.__ascii_mbtowc
                0x000093b4       0x4c z:/gcc-arm-none-eabi-5_2/bin/../lib/gcc/arm-none-eabi/5.2.1/../../../../arm-none-eabi/lib\libg.a(lib_a-mbtowc_r.o)
                0x000093b4                __ascii_mbtowc
 .text.memchr   0x00009400      0x114 z:/gcc-arm-none-eabi-5_2/bin/../lib/gcc/arm-none-eabi/5.2.1/../../../../arm-none-eabi/lib\libg.a(lib_a-memchr-stub.o)
                0x00009400                memchr
 .text._Balloc  0x00009514       0x90 z:/gcc-arm-none-eabi-5_2/bin/../lib/gcc/arm-none-eabi/5.2.1/../../../../arm-none-eabi/lib\libg.a(lib_a-mprec.o)
                0x00009514                _Balloc
 .text._Bfree   0x000095a4       0x1c z:/gcc-arm-none-eabi-5_2/bin/../lib/gcc/arm-none-eabi/5.2.1/../../../../arm-none-eabi/lib\libg.a(lib_a-mprec.o)
                0x000095a4                _Bfree
 .text.__multadd
                0x000095c0       0xdc z:/gcc-arm-none-eabi-5_2/bin/../lib/gcc/arm-none-eabi/5.2.1/../../../../arm-none-eabi/lib\libg.a(lib_a-mprec.o)
                0x000095c0                __multadd
 .text.__s2b    0x0000969c       0xe8 z:/gcc-arm-none-eabi-5_2/bin/../lib/gcc/arm-none-eabi/5.2.1/../../../../arm-none-eabi/lib\libg.a(lib_a-mprec.o)
                0x0000969c                __s2b
 .text.__hi0bits
                0x00009784       0x5c z:/gcc-arm-none-eabi-5_2/bin/../lib/gcc/arm-none-eabi/5.2.1/../../../../arm-none-eabi/lib\libg.a(lib_a-mprec.o)
                0x00009784                __hi0bits
 .text.__lo0bits
                0x000097e0       0x94 z:/gcc-arm-none-eabi-5_2/bin/../lib/gcc/arm-none-eabi/5.2.1/../../../../arm-none-eabi/lib\libg.a(lib_a-mprec.o)
                0x000097e0                __lo0bits
 .text.__i2b    0x00009874       0x24 z:/gcc-arm-none-eabi-5_2/bin/../lib/gcc/arm-none-eabi/5.2.1/../../../../arm-none-eabi/lib\libg.a(lib_a-mprec.o)
                0x00009874                __i2b
 .text.__multiply
                0x00009898      0x1f0 z:/gcc-arm-none-eabi-5_2/bin/../lib/gcc/arm-none-eabi/5.2.1/../../../../arm-none-eabi/lib\libg.a(lib_a-mprec.o)
                0x00009898                __multiply
 .text.__pow5mult
                0x00009a88      0x104 z:/gcc-arm-none-eabi-5_2/bin/../lib/gcc/arm-none-eabi/5.2.1/../../../../arm-none-eabi/lib\libg.a(lib_a-mprec.o)
                0x00009a88                __pow5mult
 .text.__lshift
                0x00009b8c       0xf4 z:/gcc-arm-none-eabi-5_2/bin/../lib/gcc/arm-none-eabi/5.2.1/../../../../arm-none-eabi/lib\libg.a(lib_a-mprec.o)
                0x00009b8c                __lshift
 .text.__mcmp   0x00009c80       0x64 z:/gcc-arm-none-eabi-5_2/bin/../lib/gcc/arm-none-eabi/5.2.1/../../../../arm-none-eabi/lib\libg.a(lib_a-mprec.o)
                0x00009c80                __mcmp
 .text.__mdiff  0x00009ce4      0x1b0 z:/gcc-arm-none-eabi-5_2/bin/../lib/gcc/arm-none-eabi/5.2.1/../../../../arm-none-eabi/lib\libg.a(lib_a-mprec.o)
                0x00009ce4                __mdiff
 .text.__ulp    0x00009e94       0x68 z:/gcc-arm-none-eabi-5_2/bin/../lib/gcc/arm-none-eabi/5.2.1/../../../../arm-none-eabi/lib\libg.a(lib_a-mprec.o)
                0x00009e94                __ulp
 .text.__b2d    0x00009efc       0xf8 z:/gcc-arm-none-eabi-5_2/bin/../lib/gcc/arm-none-eabi/5.2.1/../../../../arm-none-eabi/lib\libg.a(lib_a-mprec.o)
                0x00009efc                __b2d
 .text.__d2b    0x00009ff4      0x10c z:/gcc-arm-none-eabi-5_2/bin/../lib/gcc/arm-none-eabi/5.2.1/../../../../arm-none-eabi/lib\libg.a(lib_a-mprec.o)
                0x00009ff4                __d2b
 .text.__ratio  0x0000a100       0x98 z:/gcc-arm-none-eabi-5_2/bin/../lib/gcc/arm-none-eabi/5.2.1/../../../../arm-none-eabi/lib\libg.a(lib_a-mprec.o)
                0x0000a100                __ratio
 .text.__copybits
                0x0000a198       0x70 z:/gcc-arm-none-eabi-5_2/bin/../lib/gcc/arm-none-eabi/5.2.1/../../../../arm-none-eabi/lib\libg.a(lib_a-mprec.o)
                0x0000a198                __copybits
 .text.__any_on
                0x0000a208       0x80 z:/gcc-arm-none-eabi-5_2/bin/../lib/gcc/arm-none-eabi/5.2.1/../../../../arm-none-eabi/lib\libg.a(lib_a-mprec.o)
                0x0000a208                __any_on
 .text.__fpclassifyd
                0x0000a288       0x6c z:/gcc-arm-none-eabi-5_2/bin/../lib/gcc/arm-none-eabi/5.2.1/../../../../arm-none-eabi/lib\libg.a(lib_a-s_fpclassify.o)
                0x0000a288                __fpclassifyd
 .text.__sccl   0x0000a2f4       0xd4 z:/gcc-arm-none-eabi-5_2/bin/../lib/gcc/arm-none-eabi/5.2.1/../../../../arm-none-eabi/lib\libg.a(lib_a-sccl.o)
                0x0000a2f4                __sccl
 .text.nanf     0x0000a3c8        0xc z:/gcc-arm-none-eabi-5_2/bin/../lib/gcc/arm-none-eabi/5.2.1/../../../../arm-none-eabi/lib\libg.a(lib_a-sf_nan.o)
                0x0000a3c8                nanf
 .text.siprintf
                0x0000a3d4       0x74 z:/gcc-arm-none-eabi-5_2/bin/../lib/gcc/arm-none-eabi/5.2.1/../../../../arm-none-eabi/lib\libg.a(lib_a-siprintf.o)
                0x0000a3d4                siprintf
 .text.siscanf  0x0000a448       0x80 z:/gcc-arm-none-eabi-5_2/bin/../lib/gcc/arm-none-eabi/5.2.1/../../../../arm-none-eabi/lib\libg.a(lib_a-siscanf.o)
                0x0000a448                siscanf
 .text          0x0000a4c8      0x224 z:/gcc-arm-none-eabi-5_2/bin/../lib/gcc/arm-none-eabi/5.2.1/../../../../arm-none-eabi/lib\libg.a(lib_a-strcmp.o)
                0x0000a4c8                strcmp
 .text.strcpy   0x0000a6ec       0xf0 z:/gcc-arm-none-eabi-5_2/bin/../lib/gcc/arm-none-eabi/5.2.1/../../../../arm-none-eabi/lib\libg.a(lib_a-strcpy.o)
                0x0000a6ec                strcpy
 .text.strncmp  0x0000a7dc      0x124 z:/gcc-arm-none-eabi-5_2/bin/../lib/gcc/arm-none-eabi/5.2.1/../../../../arm-none-eabi/lib\libg.a(lib_a-strncmp.o)
                0x0000a7dc                strncmp
 .text.unlikely.sulp
                0x0000a900       0x64 z:/gcc-arm-none-eabi-5_2/bin/../lib/gcc/arm-none-eabi/5.2.1/../../../../arm-none-eabi/lib\libg.a(lib_a-strtod.o)
 *fill*         0x0000a964        0x4 
 .text._strtod_r
                0x0000a968     0x1644 z:/gcc-arm-none-eabi-5_2/bin/../lib/gcc/arm-none-eabi/5.2.1/../../../../arm-none-eabi/lib\libg.a(lib_a-strtod.o)
                0x0000a968                _strtod_r
 .text._strtol_r
                0x0000bfac      0x1d4 z:/gcc-arm-none-eabi-5_2/bin/../lib/gcc/arm-none-eabi/5.2.1/../../../../arm-none-eabi/lib\libg.a(lib_a-strtol.o)
                0x0000bfac                _strtol_r
 .text._strtoll_r
                0x0000c180      0x280 z:/gcc-arm-none-eabi-5_2/bin/../lib/gcc/arm-none-eabi/5.2.1/../../../../arm-none-eabi/lib\libg.a(lib_a-strtoll_r.o)
                0x0000c180                _strtoll_r
 .text._strtoul_r
                0x0000c400      0x1d4 z:/gcc-arm-none-eabi-5_2/bin/../lib/gcc/arm-none-eabi/5.2.1/../../../../arm-none-eabi/lib\libg.a(lib_a-strtoul.o)
                0x0000c400                _strtoul_r
 .text.strtoul  0x0000c5d4       0x1c z:/gcc-arm-none-eabi-5_2/bin/../lib/gcc/arm-none-eabi/5.2.1/../../../../arm-none-eabi/lib\libg.a(lib_a-strtoul.o)
                0x0000c5d4                strtoul
 .text._strtoull_r
                0x0000c5f0      0x26c z:/gcc-arm-none-eabi-5_2/bin/../lib/gcc/arm-none-eabi/5.2.1/../../../../arm-none-eabi/lib\libg.a(lib_a-strtoull_r.o)
                0x0000c5f0                _strtoull_r
 .text.__ssprint_r
                0x0000c85c      0x1b0 z:/gcc-arm-none-eabi-5_2/bin/../lib/gcc/arm-none-eabi/5.2.1/../../../../arm-none-eabi/lib\libg.a(lib_a-svfiprintf.o)
                0x0000c85c                __ssprint_r
 .text._svfiprintf_r
                0x0000ca0c     0x12b0 z:/gcc-arm-none-eabi-5_2/bin/../lib/gcc/arm-none-eabi/5.2.1/../../../../arm-none-eabi/lib\libg.a(lib_a-svfiprintf.o)
                0x0000ca0c                _svfiprintf_r
 .text._sungetc_r
                0x0000dcbc      0x100 z:/gcc-arm-none-eabi-5_2/bin/../lib/gcc/arm-none-eabi/5.2.1/../../../../arm-none-eabi/lib\libg.a(lib_a-svfiscanf.o)
                0x0000dcbc                _sungetc_r
 .text.__ssrefill_r
                0x0000ddbc       0x6c z:/gcc-arm-none-eabi-5_2/bin/../lib/gcc/arm-none-eabi/5.2.1/../../../../arm-none-eabi/lib\libg.a(lib_a-svfiscanf.o)
                0x0000ddbc                __ssrefill_r
 .text._sfread_r
                0x0000de28       0xdc z:/gcc-arm-none-eabi-5_2/bin/../lib/gcc/arm-none-eabi/5.2.1/../../../../arm-none-eabi/lib\libg.a(lib_a-svfiscanf.o)
                0x0000de28                _sfread_r
 .text.__ssvfiscanf_r
                0x0000df04     0x10f0 z:/gcc-arm-none-eabi-5_2/bin/../lib/gcc/arm-none-eabi/5.2.1/../../../../arm-none-eabi/lib\libg.a(lib_a-svfiscanf.o)
                0x0000df04                __ssvfiscanf_r
 .text.__submore
                0x0000eff4       0xb0 z:/gcc-arm-none-eabi-5_2/bin/../lib/gcc/arm-none-eabi/5.2.1/../../../../arm-none-eabi/lib\libg.a(lib_a-ungetc.o)
                0x0000eff4                __submore
 .text._calloc_r
                0x0000f0a4       0x98 z:/gcc-arm-none-eabi-5_2/bin/../lib/gcc/arm-none-eabi/5.2.1/../../../../arm-none-eabi/lib\libg.a(lib_a-callocr.o)
                0x0000f0a4                _calloc_r
 .text.__env_lock
                0x0000f13c        0x4 z:/gcc-arm-none-eabi-5_2/bin/../lib/gcc/arm-none-eabi/5.2.1/../../../../arm-none-eabi/lib\libg.a(lib_a-envlock.o)
                0x0000f13c                __env_lock
 .text.__env_unlock
                0x0000f140        0x4 z:/gcc-arm-none-eabi-5_2/bin/../lib/gcc/arm-none-eabi/5.2.1/../../../../arm-none-eabi/lib\libg.a(lib_a-envlock.o)
                0x0000f140                __env_unlock
 .text.rshift   0x0000f144       0xf4 z:/gcc-arm-none-eabi-5_2/bin/../lib/gcc/arm-none-eabi/5.2.1/../../../../arm-none-eabi/lib\libg.a(lib_a-gdtoa-gethex.o)
 .text.__gethex
                0x0000f238      0x7e0 z:/gcc-arm-none-eabi-5_2/bin/../lib/gcc/arm-none-eabi/5.2.1/../../../../arm-none-eabi/lib\libg.a(lib_a-gdtoa-gethex.o)
                0x0000f238                __gethex
 .text.__match  0x0000fa18       0x50 z:/gcc-arm-none-eabi-5_2/bin/../lib/gcc/arm-none-eabi/5.2.1/../../../../arm-none-eabi/lib\libg.a(lib_a-gdtoa-hexnan.o)
                0x0000fa18                __match
 .text.__hexnan
                0x0000fa68      0x264 z:/gcc-arm-none-eabi-5_2/bin/../lib/gcc/arm-none-eabi/5.2.1/../../../../arm-none-eabi/lib\libg.a(lib_a-gdtoa-hexnan.o)
                0x0000fa68                __hexnan
 .text.memmove  0x0000fccc      0x12c z:/gcc-arm-none-eabi-5_2/bin/../lib/gcc/arm-none-eabi/5.2.1/../../../../arm-none-eabi/lib\libg.a(lib_a-memmove.o)
                0x0000fccc                memmove
 .text._realloc_r
                0x0000fdf8      0x580 z:/gcc-arm-none-eabi-5_2/bin/../lib/gcc/arm-none-eabi/5.2.1/../../../../arm-none-eabi/lib\libg.a(lib_a-reallocr.o)
                0x0000fdf8                _realloc_r
 .text          0x00010378      0x41c z:/gcc-arm-none-eabi-5_2/bin/../lib/gcc/arm-none-eabi/5.2.1\libgcc.a(_arm_addsubdf3.o)
                0x00010378                __aeabi_drsub
                0x00010380                __aeabi_dsub
                0x00010380                __subdf3
                0x00010384                __aeabi_dadd
                0x00010384                __adddf3
                0x00010694                __floatunsidf
                0x00010694                __aeabi_ui2d
                0x000106b8                __floatsidf
                0x000106b8                __aeabi_i2d
                0x000106e0                __aeabi_f2d
                0x000106e0                __extendsfdf2
                0x00010720                __floatundidf
                0x00010720                __aeabi_ul2d
                0x00010734                __floatdidf
                0x00010734                __aeabi_l2d
 .text          0x00010794      0x49c z:/gcc-arm-none-eabi-5_2/bin/../lib/gcc/arm-none-eabi/5.2.1\libgcc.a(_arm_muldivdf3.o)
                0x00010794                __aeabi_dmul
                0x00010794                __muldf3
                0x00010a24                __divdf3
                0x00010a24                __aeabi_ddiv
 .text          0x00010c30      0x144 z:/gcc-arm-none-eabi-5_2/bin/../lib/gcc/arm-none-eabi/5.2.1\libgcc.a(_arm_cmpdf2.o)
                0x00010c30                __gtdf2
                0x00010c30                __gedf2
                0x00010c38                __ltdf2
                0x00010c38                __ledf2
                0x00010c40                __nedf2
                0x00010c40                __eqdf2
                0x00010c40                __cmpdf2
                0x00010cc8                __aeabi_cdrcmple
                0x00010ce4                __aeabi_cdcmpeq
                0x00010ce4                __aeabi_cdcmple
                0x00010cfc                __aeabi_dcmpeq
                0x00010d14                __aeabi_dcmplt
                0x00010d2c                __aeabi_dcmple
                0x00010d44                __aeabi_dcmpge
                0x00010d5c                __aeabi_dcmpgt
 .text          0x00010d74       0x5c z:/gcc-arm-none-eabi-5_2/bin/../lib/gcc/arm-none-eabi/5.2.1\libgcc.a(_arm_fixdfsi.o)
                0x00010d74                __aeabi_d2iz
                0x00010d74                __fixdfsi
 .text          0x00010dd0       0x54 z:/gcc-arm-none-eabi-5_2/bin/../lib/gcc/arm-none-eabi/5.2.1\libgcc.a(_arm_fixunsdfsi.o)
                0x00010dd0                __aeabi_d2uiz
                0x00010dd0                __fixunsdfsi
 .text          0x00010e24       0xa0 z:/gcc-arm-none-eabi-5_2/bin/../lib/gcc/arm-none-eabi/5.2.1\libgcc.a(_arm_truncdfsf2.o)
                0x00010e24                __truncdfsf2
                0x00010e24                __aeabi_d2f
 .text          0x00010ec4       0x3c z:/gcc-arm-none-eabi-5_2/bin/../lib/gcc/arm-none-eabi/5.2.1\libgcc.a(_aeabi_uldivmod.o)
                0x00010ec4                __aeabi_uldivmod
 .text          0x00010f00      0x12c z:/gcc-arm-none-eabi-5_2/bin/../lib/gcc/arm-none-eabi/5.2.1\libgcc.a(_udivmoddi4.o)
                0x00010f00                __udivmoddi4
 .text          0x0001102c       0x28 z:/gcc-arm-none-eabi-5_2/bin/../lib/gcc/arm-none-eabi/5.2.1\libgcc.a(_clzdi2.o)
                0x0001102c                __clzdi2
 .text          0x00011054       0x48 z:/gcc-arm-none-eabi-5_2/bin/../lib/gcc/arm-none-eabi/5.2.1\libgcc.a(_clzsi2.o)
                0x00011054                __clzsi2
 .text.WM_SetFocus
                0x0001109c      0x128 D:\Users\kohill\workspace\arm7sdram\ldscript\libemWin_ARM7TDMI.a(WM_SetFocus.o)
                0x0001109c                WM_SetFocus
 .text.WM_IsWindow
                0x000111c4       0x34 D:\Users\kohill\workspace\arm7sdram\ldscript\libemWin_ARM7TDMI.a(WM_IsWindow.o)
                0x000111c4                WM_IsWindow
 .text.WM_GetParent
                0x000111f8       0x38 D:\Users\kohill\workspace\arm7sdram\ldscript\libemWin_ARM7TDMI.a(WM_GetParent.o)
                0x000111f8                WM_GetParent
 .text.WM_GetId
                0x00011230       0x48 D:\Users\kohill\workspace\arm7sdram\ldscript\libemWin_ARM7TDMI.a(WM_GetId.o)
                0x00011230                WM_GetId
 .text._GetDialogItem
                0x00011278       0x70 D:\Users\kohill\workspace\arm7sdram\ldscript\libemWin_ARM7TDMI.a(WM_GetDialogItem.o)
 .text.WM_GetDialogItem
                0x000112e8       0x40 D:\Users\kohill\workspace\arm7sdram\ldscript\libemWin_ARM7TDMI.a(WM_GetDialogItem.o)
                0x000112e8                WM_GetDialogItem
 .text.WM_GetDesktopWindow
                0x00011328       0x20 D:\Users\kohill\workspace\arm7sdram\ldscript\libemWin_ARM7TDMI.a(WM_GetDesktopWindow.o)
                0x00011328                WM_GetDesktopWindow
 .text._OnExit  0x00011348       0x84 D:\Users\kohill\workspace\arm7sdram\ldscript\libemWin_ARM7TDMI.a(WM.o)
 .text._Paint1  0x000113cc       0x40 D:\Users\kohill\workspace\arm7sdram\ldscript\libemWin_ARM7TDMI.a(WM.o)
 .text._Findy1  0x0001140c      0x128 D:\Users\kohill\workspace\arm7sdram\ldscript\libemWin_ARM7TDMI.a(WM.o)
 .text._Findx0  0x00011534       0xf0 D:\Users\kohill\workspace\arm7sdram\ldscript\libemWin_ARM7TDMI.a(WM.o)
 .text._Findx1  0x00011624       0xdc D:\Users\kohill\workspace\arm7sdram\ldscript\libemWin_ARM7TDMI.a(WM.o)
 .text._Paint1Trans
                0x00011700       0xec D:\Users\kohill\workspace\arm7sdram\ldscript\libemWin_ARM7TDMI.a(WM.o)
 .text._PaintTransChildren
                0x000117ec      0x120 D:\Users\kohill\workspace\arm7sdram\ldscript\libemWin_ARM7TDMI.a(WM.o)
 .text.WM__PaintWinAndOverlays
                0x0001190c       0xd4 D:\Users\kohill\workspace\arm7sdram\ldscript\libemWin_ARM7TDMI.a(WM.o)
 .text._cbPaintMemDev
                0x000119e0       0x98 D:\Users\kohill\workspace\arm7sdram\ldscript\libemWin_ARM7TDMI.a(WM.o)
 .text.WM__ClipAtParentBorders
                0x00011a78       0xac D:\Users\kohill\workspace\arm7sdram\ldscript\libemWin_ARM7TDMI.a(WM.o)
                0x00011a78                WM__ClipAtParentBorders
 .text.WM__InsertWindowIntoList
                0x00011b24      0x124 D:\Users\kohill\workspace\arm7sdram\ldscript\libemWin_ARM7TDMI.a(WM.o)
                0x00011b24                WM__InsertWindowIntoList
 .text.WM__RemoveWindowFromList
                0x00011c48       0x78 D:\Users\kohill\workspace\arm7sdram\ldscript\libemWin_ARM7TDMI.a(WM.o)
                0x00011c48                WM__RemoveWindowFromList
 .text.WM__Client2Screen
                0x00011cc0       0x2c D:\Users\kohill\workspace\arm7sdram\ldscript\libemWin_ARM7TDMI.a(WM.o)
                0x00011cc0                WM__Client2Screen
 .text._SetClipRectUserIntersect
                0x00011cec       0x88 D:\Users\kohill\workspace\arm7sdram\ldscript\libemWin_ARM7TDMI.a(WM.o)
 .text.WM__ActivateClipRect
                0x00011d74       0x7c D:\Users\kohill\workspace\arm7sdram\ldscript\libemWin_ARM7TDMI.a(WM.o)
                0x00011d74                WM__ActivateClipRect
 .text.WM__IsWindow
                0x00011df0       0x48 D:\Users\kohill\workspace\arm7sdram\ldscript\libemWin_ARM7TDMI.a(WM.o)
                0x00011df0                WM__IsWindow
 .text.WM__InvalidateDrawAndDescs
                0x00011e38       0x9c D:\Users\kohill\workspace\arm7sdram\ldscript\libemWin_ARM7TDMI.a(WM.o)
                0x00011e38                WM__InvalidateDrawAndDescs
 .text.WM__RectIsNZ
                0x00011ed4       0x30 D:\Users\kohill\workspace\arm7sdram\ldscript\libemWin_ARM7TDMI.a(WM.o)
                0x00011ed4                WM__RectIsNZ
 .text._Invalidate1Abs
                0x00011f04       0xf4 D:\Users\kohill\workspace\arm7sdram\ldscript\libemWin_ARM7TDMI.a(WM.o)
 .text.WM__Invalidate1Abs
                0x00011ff8        0x8 D:\Users\kohill\workspace\arm7sdram\ldscript\libemWin_ARM7TDMI.a(WM.o)
                0x00011ff8                WM__Invalidate1Abs
 .text.WM_InvalidateWindowAndDescsEx
                0x00012000       0xb4 D:\Users\kohill\workspace\arm7sdram\ldscript\libemWin_ARM7TDMI.a(WM.o)
                0x00012000                WM_InvalidateWindowAndDescsEx
 .text.WM__InvalidateRect
                0x000120b4       0xdc D:\Users\kohill\workspace\arm7sdram\ldscript\libemWin_ARM7TDMI.a(WM.o)
                0x000120b4                WM__InvalidateRect
 .text.WM__InvalidateParent
                0x00012190       0x48 D:\Users\kohill\workspace\arm7sdram\ldscript\libemWin_ARM7TDMI.a(WM.o)
                0x00012190                WM__InvalidateParent
 .text.WM__InvalidateRectEx
                0x000121d8        0x8 D:\Users\kohill\workspace\arm7sdram\ldscript\libemWin_ARM7TDMI.a(WM.o)
                0x000121d8                WM__InvalidateRectEx
 .text.WM__DetachWindow
                0x000121e0       0x58 D:\Users\kohill\workspace\arm7sdram\ldscript\libemWin_ARM7TDMI.a(WM.o)
                0x000121e0                WM__DetachWindow
 .text.WM_SendMessage
                0x00012238       0x38 D:\Users\kohill\workspace\arm7sdram\ldscript\libemWin_ARM7TDMI.a(WM.o)
                0x00012238                WM_SendMessage
 .text.WM__SendMsgNoData
                0x00012270       0x30 D:\Users\kohill\workspace\arm7sdram\ldscript\libemWin_ARM7TDMI.a(WM.o)
                0x00012270                WM__SendMsgNoData
 .text.WM__GetClientRectWin
                0x000122a0       0x30 D:\Users\kohill\workspace\arm7sdram\ldscript\libemWin_ARM7TDMI.a(WM.o)
                0x000122a0                WM__GetClientRectWin
 .text.WM_InvalidateRect
                0x000122d0       0xe4 D:\Users\kohill\workspace\arm7sdram\ldscript\libemWin_ARM7TDMI.a(WM.o)
                0x000122d0                WM_InvalidateRect
 .text.WM_InvalidateWindow
                0x000123b4        0x8 D:\Users\kohill\workspace\arm7sdram\ldscript\libemWin_ARM7TDMI.a(WM.o)
                0x000123b4                WM_InvalidateWindow
 .text.WM__GetTopLevelLayer
                0x000123bc       0x50 D:\Users\kohill\workspace\arm7sdram\ldscript\libemWin_ARM7TDMI.a(WM.o)
                0x000123bc                WM__GetTopLevelLayer
 .text.WM__SelectTopLevelLayer
                0x0001240c       0x24 D:\Users\kohill\workspace\arm7sdram\ldscript\libemWin_ARM7TDMI.a(WM.o)
                0x0001240c                WM__SelectTopLevelLayer
 .text.WM_SelectWindow
                0x00012430       0x78 D:\Users\kohill\workspace\arm7sdram\ldscript\libemWin_ARM7TDMI.a(WM.o)
                0x00012430                WM_SelectWindow
 .text.WM_CreateWindowAsChild
                0x000124a8      0x21c D:\Users\kohill\workspace\arm7sdram\ldscript\libemWin_ARM7TDMI.a(WM.o)
                0x000124a8                WM_CreateWindowAsChild
 .text.WM_DeleteWindow
                0x000126c4      0x1b8 D:\Users\kohill\workspace\arm7sdram\ldscript\libemWin_ARM7TDMI.a(WM.o)
                0x000126c4                WM_DeleteWindow
 .text.WM_GetActiveWindow
                0x0001287c       0x14 D:\Users\kohill\workspace\arm7sdram\ldscript\libemWin_ARM7TDMI.a(WM.o)
                0x0001287c                WM_GetActiveWindow
 .text.WM__GetNextIVR
                0x00012890      0x264 D:\Users\kohill\workspace\arm7sdram\ldscript\libemWin_ARM7TDMI.a(WM.o)
                0x00012890                WM__GetNextIVR
 .text.WM__InitIVRSearch
                0x00012af4      0x1a8 D:\Users\kohill\workspace\arm7sdram\ldscript\libemWin_ARM7TDMI.a(WM.o)
                0x00012af4                WM__InitIVRSearch
 .text.WM_SetDefault
                0x00012c9c       0x30 D:\Users\kohill\workspace\arm7sdram\ldscript\libemWin_ARM7TDMI.a(WM.o)
                0x00012c9c                WM_SetDefault
 .text.WM__Paint1
                0x00012ccc       0xf8 D:\Users\kohill\workspace\arm7sdram\ldscript\libemWin_ARM7TDMI.a(WM.o)
                0x00012ccc                WM__Paint1
 .text.WM__Paint
                0x00012dc4      0x114 D:\Users\kohill\workspace\arm7sdram\ldscript\libemWin_ARM7TDMI.a(WM.o)
                0x00012dc4                WM__Paint
 .text.WM_Exec  0x00012ed8      0x290 D:\Users\kohill\workspace\arm7sdram\ldscript\libemWin_ARM7TDMI.a(WM.o)
                0x00012ed8                WM_Exec
 .text.WM_Activate
                0x00013168       0x18 D:\Users\kohill\workspace\arm7sdram\ldscript\libemWin_ARM7TDMI.a(WM.o)
                0x00013168                WM_Activate
 .text.WM_Deactivate
                0x00013180       0x38 D:\Users\kohill\workspace\arm7sdram\ldscript\libemWin_ARM7TDMI.a(WM.o)
                0x00013180                WM_Deactivate
 .text.WM_DefaultProc
                0x000131b8       0x8c D:\Users\kohill\workspace\arm7sdram\ldscript\libemWin_ARM7TDMI.a(WM.o)
                0x000131b8                WM_DefaultProc
 .text._cbBackWin
                0x00013244       0xa8 D:\Users\kohill\workspace\arm7sdram\ldscript\libemWin_ARM7TDMI.a(WM.o)
 .text.WM_Init  0x000132ec      0x158 D:\Users\kohill\workspace\arm7sdram\ldscript\libemWin_ARM7TDMI.a(WM.o)
                0x000132ec                WM_Init
 .text.FRAMEWIN_CreateIndirect
                0x00013444       0x74 D:\Users\kohill\workspace\arm7sdram\ldscript\libemWin_ARM7TDMI.a(FRAMEWIN_CreateIndirect.o)
                0x00013444                FRAMEWIN_CreateIndirect
 .text.FRAMEWIN__GetBorderSize
                0x000134b8       0x90 D:\Users\kohill\workspace\arm7sdram\ldscript\libemWin_ARM7TDMI.a(FRAMEWIN.o)
                0x000134b8                FRAMEWIN__GetBorderSize
 .text._SetActive
                0x00013548       0x68 D:\Users\kohill\workspace\arm7sdram\ldscript\libemWin_ARM7TDMI.a(FRAMEWIN.o)
 .text.FRAMEWIN__cbClient
                0x000135b0      0x188 D:\Users\kohill\workspace\arm7sdram\ldscript\libemWin_ARM7TDMI.a(FRAMEWIN.o)
 .text.FRAMEWIN__CalcTitleHeight
                0x00013738       0x44 D:\Users\kohill\workspace\arm7sdram\ldscript\libemWin_ARM7TDMI.a(FRAMEWIN.o)
                0x00013738                FRAMEWIN__CalcTitleHeight
 .text.FRAMEWIN__GetTitleLimits
                0x0001377c       0xfc D:\Users\kohill\workspace\arm7sdram\ldscript\libemWin_ARM7TDMI.a(FRAMEWIN.o)
                0x0001377c                FRAMEWIN__GetTitleLimits
 .text.FRAMEWIN__CalcPositions
                0x00013878      0x190 D:\Users\kohill\workspace\arm7sdram\ldscript\libemWin_ARM7TDMI.a(FRAMEWIN.o)
                0x00013878                FRAMEWIN__CalcPositions
 .text.FRAMEWIN_SetText
                0x00013a08       0x84 D:\Users\kohill\workspace\arm7sdram\ldscript\libemWin_ARM7TDMI.a(FRAMEWIN.o)
                0x00013a08                FRAMEWIN_SetText
 .text.FRAMEWIN_CreateUser
                0x00013a8c      0x19c D:\Users\kohill\workspace\arm7sdram\ldscript\libemWin_ARM7TDMI.a(FRAMEWIN.o)
                0x00013a8c                FRAMEWIN_CreateUser
 .text.FRAMEWIN_SetActive
                0x00013c28       0x38 D:\Users\kohill\workspace\arm7sdram\ldscript\libemWin_ARM7TDMI.a(FRAMEWIN.o)
                0x00013c28                FRAMEWIN_SetActive
 .text.FRAMEWIN_Callback
                0x00013c60      0x3cc D:\Users\kohill\workspace\arm7sdram\ldscript\libemWin_ARM7TDMI.a(FRAMEWIN.o)
                0x00013c60                FRAMEWIN_Callback
 .text.EDIT_CreateIndirect
                0x0001402c       0x80 D:\Users\kohill\workspace\arm7sdram\ldscript\libemWin_ARM7TDMI.a(EDIT_CreateIndirect.o)
                0x0001402c                EDIT_CreateIndirect
 .text._Paint   0x000140ac      0x304 D:\Users\kohill\workspace\arm7sdram\ldscript\libemWin_ARM7TDMI.a(EDIT.o)
 .text._IncrementBuffer
                0x000143b0       0x9c D:\Users\kohill\workspace\arm7sdram\ldscript\libemWin_ARM7TDMI.a(EDIT.o)
 .text._ChangeCharacter
                0x0001444c       0x88 D:\Users\kohill\workspace\arm7sdram\ldscript\libemWin_ARM7TDMI.a(EDIT.o)
 .text._IsSpaceInBuffer
                0x000144d4       0x94 D:\Users\kohill\workspace\arm7sdram\ldscript\libemWin_ARM7TDMI.a(EDIT.o)
 .text._DeleteChar
                0x00014568       0xac D:\Users\kohill\workspace\arm7sdram\ldscript\libemWin_ARM7TDMI.a(EDIT.o)
 .text.EDIT__SetCursorPos
                0x00014614       0x8c D:\Users\kohill\workspace\arm7sdram\ldscript\libemWin_ARM7TDMI.a(EDIT.o)
                0x00014614                EDIT__SetCursorPos
 .text.EDIT_CreateUser
                0x000146a0      0x11c D:\Users\kohill\workspace\arm7sdram\ldscript\libemWin_ARM7TDMI.a(EDIT.o)
                0x000146a0                EDIT_CreateUser
 .text.EDIT_SetCursorAtPixel
                0x000147bc      0x138 D:\Users\kohill\workspace\arm7sdram\ldscript\libemWin_ARM7TDMI.a(EDIT.o)
                0x000147bc                EDIT_SetCursorAtPixel
 .text.EDIT_AddKey
                0x000148f4      0x2d8 D:\Users\kohill\workspace\arm7sdram\ldscript\libemWin_ARM7TDMI.a(EDIT.o)
                0x000148f4                EDIT_AddKey
 .text.EDIT_Callback
                0x00014bcc      0x184 D:\Users\kohill\workspace\arm7sdram\ldscript\libemWin_ARM7TDMI.a(EDIT.o)
                0x00014bcc                EDIT_Callback
 .text.EDIT_SetFont
                0x00014d50       0x54 D:\Users\kohill\workspace\arm7sdram\ldscript\libemWin_ARM7TDMI.a(EDIT.o)
                0x00014d50                EDIT_SetFont
 .text.EDIT_SetText
                0x00014da4      0x154 D:\Users\kohill\workspace\arm7sdram\ldscript\libemWin_ARM7TDMI.a(EDIT.o)
                0x00014da4                EDIT_SetText
 .text.EDIT_GetText
                0x00014ef8       0xac D:\Users\kohill\workspace\arm7sdram\ldscript\libemWin_ARM7TDMI.a(EDIT.o)
                0x00014ef8                EDIT_GetText
 .text.EDIT_SetTextAlign
                0x00014fa4       0x54 D:\Users\kohill\workspace\arm7sdram\ldscript\libemWin_ARM7TDMI.a(EDIT.o)
                0x00014fa4                EDIT_SetTextAlign
 .text.GUI_CreateDialogBox
                0x00014ff8      0x11c D:\Users\kohill\workspace\arm7sdram\ldscript\libemWin_ARM7TDMI.a(DIALOG.o)
                0x00014ff8                GUI_CreateDialogBox
 .text.__emWin_memcpy
                0x00015114       0x1c D:\Users\kohill\workspace\arm7sdram\ldscript\libemWin_ARM7TDMI.a(memcpy.o)
                0x00015114                __emWin_memcpy
                0x00015114                emWin_memcpy
 .text.GUI_MEMDEV_WriteAt
                0x00015130       0xb0 D:\Users\kohill\workspace\arm7sdram\ldscript\libemWin_ARM7TDMI.a(GUIDEV_Write.o)
                0x00015130                GUI_MEMDEV_WriteAt
 .text.GUI_MEMDEV_Write
                0x000151e0       0x10 D:\Users\kohill\workspace\arm7sdram\ldscript\libemWin_ARM7TDMI.a(GUIDEV_Write.o)
                0x000151e0                GUI_MEMDEV_Write
 .text._CreateStaticDevice
                0x000151f0      0x224 D:\Users\kohill\workspace\arm7sdram\ldscript\libemWin_ARM7TDMI.a(GUIDEV_StaticDevices.o)
 .text.GUI_MEMDEV_Paint1Static
                0x00015414       0x48 D:\Users\kohill\workspace\arm7sdram\ldscript\libemWin_ARM7TDMI.a(GUIDEV_StaticDevices.o)
                0x00015414                GUI_MEMDEV_Paint1Static
 .text.GUI_MEMDEV_SetOrg
                0x0001545c       0xc0 D:\Users\kohill\workspace\arm7sdram\ldscript\libemWin_ARM7TDMI.a(GUIDEV_SetOrg.o)
                0x0001545c                GUI_MEMDEV_SetOrg
 .text.GUI_MEMDEV_GetYSize
                0x0001551c       0x68 D:\Users\kohill\workspace\arm7sdram\ldscript\libemWin_ARM7TDMI.a(GUIDEV_GetYSize.o)
                0x0001551c                GUI_MEMDEV_GetYSize
 .text.GUI_MEMDEV_GetDataPtr
                0x00015584       0x4c D:\Users\kohill\workspace\arm7sdram\ldscript\libemWin_ARM7TDMI.a(GUIDEV_GetDataPtr.o)
                0x00015584                GUI_MEMDEV_GetDataPtr
 .text.GUI_MEMDEV_Clear
                0x000155d0       0x90 D:\Users\kohill\workspace\arm7sdram\ldscript\libemWin_ARM7TDMI.a(GUIDEV_Clear.o)
                0x000155d0                GUI_MEMDEV_Clear
 .text.GUI_MEMDEV_Draw
                0x00015660      0x228 D:\Users\kohill\workspace\arm7sdram\ldscript\libemWin_ARM7TDMI.a(GUIDEV_Banding.o)
                0x00015660                GUI_MEMDEV_Draw
 .text._GetDevData
                0x00015888       0x14 D:\Users\kohill\workspace\arm7sdram\ldscript\libemWin_ARM7TDMI.a(GUIDEV_32.o)
 .text._GetDevFunc
                0x0001589c       0x14 D:\Users\kohill\workspace\arm7sdram\ldscript\libemWin_ARM7TDMI.a(GUIDEV_32.o)
 .text._GetDevProp
                0x000158b0       0x10 D:\Users\kohill\workspace\arm7sdram\ldscript\libemWin_ARM7TDMI.a(GUIDEV_32.o)
 .text._SetOrg  0x000158c0       0x10 D:\Users\kohill\workspace\arm7sdram\ldscript\libemWin_ARM7TDMI.a(GUIDEV_32.o)
 .text._GetRect
                0x000158d0       0x68 D:\Users\kohill\workspace\arm7sdram\ldscript\libemWin_ARM7TDMI.a(GUIDEV_32.o)
 .text._XY2PTR  0x00015938       0x70 D:\Users\kohill\workspace\arm7sdram\ldscript\libemWin_ARM7TDMI.a(GUIDEV_32.o)
 .text._GetPixelIndex
                0x000159a8       0x28 D:\Users\kohill\workspace\arm7sdram\ldscript\libemWin_ARM7TDMI.a(GUIDEV_32.o)
 .text._XorPixel
                0x000159d0       0xb4 D:\Users\kohill\workspace\arm7sdram\ldscript\libemWin_ARM7TDMI.a(GUIDEV_32.o)
 .text._SetPixelIndex
                0x00015a84       0x94 D:\Users\kohill\workspace\arm7sdram\ldscript\libemWin_ARM7TDMI.a(GUIDEV_32.o)
 .text._DrawVLine
                0x00015b18      0x150 D:\Users\kohill\workspace\arm7sdram\ldscript\libemWin_ARM7TDMI.a(GUIDEV_32.o)
 .text._FillRect
                0x00015c68      0x140 D:\Users\kohill\workspace\arm7sdram\ldscript\libemWin_ARM7TDMI.a(GUIDEV_32.o)
 .text._DrawHLine
                0x00015da8       0x24 D:\Users\kohill\workspace\arm7sdram\ldscript\libemWin_ARM7TDMI.a(GUIDEV_32.o)
 .text._DrawBitmap
                0x00015dcc      0xb80 D:\Users\kohill\workspace\arm7sdram\ldscript\libemWin_ARM7TDMI.a(GUIDEV_32.o)
 .text._GetDevData
                0x0001694c       0x14 D:\Users\kohill\workspace\arm7sdram\ldscript\libemWin_ARM7TDMI.a(GUIDEV_16.o)
 .text._GetDevFunc
                0x00016960       0x14 D:\Users\kohill\workspace\arm7sdram\ldscript\libemWin_ARM7TDMI.a(GUIDEV_16.o)
 .text._SetOrg  0x00016974       0x18 D:\Users\kohill\workspace\arm7sdram\ldscript\libemWin_ARM7TDMI.a(GUIDEV_16.o)
 .text._GetDevProp
                0x0001698c       0x1c D:\Users\kohill\workspace\arm7sdram\ldscript\libemWin_ARM7TDMI.a(GUIDEV_16.o)
 .text._GetRect
                0x000169a8       0x68 D:\Users\kohill\workspace\arm7sdram\ldscript\libemWin_ARM7TDMI.a(GUIDEV_16.o)
 .text._XY2PTR  0x00016a10       0x70 D:\Users\kohill\workspace\arm7sdram\ldscript\libemWin_ARM7TDMI.a(GUIDEV_16.o)
 .text._GetPixelIndex
                0x00016a80       0x28 D:\Users\kohill\workspace\arm7sdram\ldscript\libemWin_ARM7TDMI.a(GUIDEV_16.o)
 .text._XorPixel
                0x00016aa8       0xb0 D:\Users\kohill\workspace\arm7sdram\ldscript\libemWin_ARM7TDMI.a(GUIDEV_16.o)
 .text._SetPixelIndex
                0x00016b58       0x94 D:\Users\kohill\workspace\arm7sdram\ldscript\libemWin_ARM7TDMI.a(GUIDEV_16.o)
 .text._DrawVLine
                0x00016bec      0x154 D:\Users\kohill\workspace\arm7sdram\ldscript\libemWin_ARM7TDMI.a(GUIDEV_16.o)
 .text._FillRect
                0x00016d40      0x148 D:\Users\kohill\workspace\arm7sdram\ldscript\libemWin_ARM7TDMI.a(GUIDEV_16.o)
 .text._DrawHLine
                0x00016e88       0x24 D:\Users\kohill\workspace\arm7sdram\ldscript\libemWin_ARM7TDMI.a(GUIDEV_16.o)
 .text._DrawBitmap
                0x00016eac      0xb98 D:\Users\kohill\workspace\arm7sdram\ldscript\libemWin_ARM7TDMI.a(GUIDEV_16.o)
 .text.GUI_MEMDEV__WriteToActiveAt
                0x00017a44       0x74 D:\Users\kohill\workspace\arm7sdram\ldscript\libemWin_ARM7TDMI.a(GUIDEV.o)
                0x00017a44                GUI_MEMDEV__WriteToActiveAt
 .text.GUI_MEMDEV__CreateFixed
                0x00017ab8      0x1cc D:\Users\kohill\workspace\arm7sdram\ldscript\libemWin_ARM7TDMI.a(GUIDEV.o)
                0x00017ab8                GUI_MEMDEV__CreateFixed
 .text.GUI_MEMDEV_GetBitsPerPixel
                0x00017c84       0x64 D:\Users\kohill\workspace\arm7sdram\ldscript\libemWin_ARM7TDMI.a(GUIDEV.o)
                0x00017c84                GUI_MEMDEV_GetBitsPerPixel
 .text.GUI_MEMDEV_Delete
                0x00017ce8       0x7c D:\Users\kohill\workspace\arm7sdram\ldscript\libemWin_ARM7TDMI.a(GUIDEV.o)
                0x00017ce8                GUI_MEMDEV_Delete
 .text.GUI_MEMDEV_CreateEx
                0x00017d64       0xec D:\Users\kohill\workspace\arm7sdram\ldscript\libemWin_ARM7TDMI.a(GUIDEV.o)
                0x00017d64                GUI_MEMDEV_CreateEx
 .text.GUI_MEMDEV_Select
                0x00017e50       0x8c D:\Users\kohill\workspace\arm7sdram\ldscript\libemWin_ARM7TDMI.a(GUIDEV.o)
                0x00017e50                GUI_MEMDEV_Select
 .text.GUI_MEMDEV_CopyToLCDAt
                0x00017edc       0xfc D:\Users\kohill\workspace\arm7sdram\ldscript\libemWin_ARM7TDMI.a(GUIDEV.o)
                0x00017edc                GUI_MEMDEV_CopyToLCDAt
 .text.GUI_MEMDEV_CopyToLCD
                0x00017fd8       0x10 D:\Users\kohill\workspace\arm7sdram\ldscript\libemWin_ARM7TDMI.a(GUIDEV.o)
                0x00017fd8                GUI_MEMDEV_CopyToLCD
 .text.LCD_UpdateColorIndices
                0x00017fe8       0x40 D:\Users\kohill\workspace\arm7sdram\ldscript\libemWin_ARM7TDMI.a(LCD_UpdateColorIndices.o)
                0x00017fe8                LCD_UpdateColorIndices
 .text.LCD_SetClipRectEx
                0x00018028       0x64 D:\Users\kohill\workspace\arm7sdram\ldscript\libemWin_ARM7TDMI.a(LCD_SetClipRectEx.o)
                0x00018028                LCD_SetClipRectEx
 .text.LCD_SetVSizeEx
                0x0001808c       0x74 D:\Users\kohill\workspace\arm7sdram\ldscript\libemWin_ARM7TDMI.a(LCD_Set.o)
                0x0001808c                LCD_SetVSizeEx
 .text.LCD_SetSizeEx
                0x00018100       0x74 D:\Users\kohill\workspace\arm7sdram\ldscript\libemWin_ARM7TDMI.a(LCD_Set.o)
                0x00018100                LCD_SetSizeEx
 .text.LCD_SetLUTEntryEx
                0x00018174       0x74 D:\Users\kohill\workspace\arm7sdram\ldscript\libemWin_ARM7TDMI.a(LCD_Set.o)
                0x00018174                LCD_SetLUTEntryEx
 .text._GetDevProp
                0x000181e8       0x4c D:\Users\kohill\workspace\arm7sdram\ldscript\libemWin_ARM7TDMI.a(LCD_GetEx.o)
 .text._GetMaxValue
                0x00018234       0x44 D:\Users\kohill\workspace\arm7sdram\ldscript\libemWin_ARM7TDMI.a(LCD_GetEx.o)
 .text.LCD_GetXSizeEx
                0x00018278        0x8 D:\Users\kohill\workspace\arm7sdram\ldscript\libemWin_ARM7TDMI.a(LCD_GetEx.o)
                0x00018278                LCD_GetXSizeEx
 .text.LCD_GetYSizeEx
                0x00018280        0x8 D:\Users\kohill\workspace\arm7sdram\ldscript\libemWin_ARM7TDMI.a(LCD_GetEx.o)
                0x00018280                LCD_GetYSizeEx
 .text.LCD_GetVXSizeEx
                0x00018288        0x8 D:\Users\kohill\workspace\arm7sdram\ldscript\libemWin_ARM7TDMI.a(LCD_GetEx.o)
                0x00018288                LCD_GetVXSizeEx
 .text.LCD_GetVYSizeEx
                0x00018290        0x8 D:\Users\kohill\workspace\arm7sdram\ldscript\libemWin_ARM7TDMI.a(LCD_GetEx.o)
                0x00018290                LCD_GetVYSizeEx
 .text.LCD_GetBitsPerPixelEx
                0x00018298        0x8 D:\Users\kohill\workspace\arm7sdram\ldscript\libemWin_ARM7TDMI.a(LCD_GetEx.o)
                0x00018298                LCD_GetBitsPerPixelEx
 .text.LCD_GetNumColorsEx
                0x000182a0        0x8 D:\Users\kohill\workspace\arm7sdram\ldscript\libemWin_ARM7TDMI.a(LCD_GetEx.o)
                0x000182a0                LCD_GetNumColorsEx
 .text.LCD_GetSwapXYEx
                0x000182a8        0x8 D:\Users\kohill\workspace\arm7sdram\ldscript\libemWin_ARM7TDMI.a(LCD_GetEx.o)
                0x000182a8                LCD_GetSwapXYEx
 .text.LCD_GetXSize
                0x000182b0       0x14 D:\Users\kohill\workspace\arm7sdram\ldscript\libemWin_ARM7TDMI.a(LCD_GetEx.o)
                0x000182b0                LCD_GetXSize
 .text.LCD_GetYSize
                0x000182c4       0x14 D:\Users\kohill\workspace\arm7sdram\ldscript\libemWin_ARM7TDMI.a(LCD_GetEx.o)
                0x000182c4                LCD_GetYSize
 .text.LCD_GetNumColors
                0x000182d8       0x14 D:\Users\kohill\workspace\arm7sdram\ldscript\libemWin_ARM7TDMI.a(LCD_GetEx.o)
                0x000182d8                LCD_GetNumColors
 .text.LCD_GetSwapXY
                0x000182ec       0x14 D:\Users\kohill\workspace\arm7sdram\ldscript\libemWin_ARM7TDMI.a(LCD_GetEx.o)
                0x000182ec                LCD_GetSwapXY
 .text.GUI_GetBitsPerPixelEx
                0x00018300       0x1c D:\Users\kohill\workspace\arm7sdram\ldscript\libemWin_ARM7TDMI.a(LCD_GetEx.o)
                0x00018300                GUI_GetBitsPerPixelEx
 .text.LCD_GetPaletteEx
                0x0001831c       0x3c D:\Users\kohill\workspace\arm7sdram\ldscript\libemWin_ARM7TDMI.a(LCD_GetEx.o)
                0x0001831c                LCD_GetPaletteEx
 .text.LCD_GetPalette
                0x00018358       0x14 D:\Users\kohill\workspace\arm7sdram\ldscript\libemWin_ARM7TDMI.a(LCD_GetEx.o)
                0x00018358                LCD_GetPalette
 .text.GUI_GetpfIndex2ColorEx
                0x0001836c       0x18 D:\Users\kohill\workspace\arm7sdram\ldscript\libemWin_ARM7TDMI.a(LCD_GetEx.o)
                0x0001836c                GUI_GetpfIndex2ColorEx
 .text.GUI_GetpfColor2IndexEx
                0x00018384       0x18 D:\Users\kohill\workspace\arm7sdram\ldscript\libemWin_ARM7TDMI.a(LCD_GetEx.o)
                0x00018384                GUI_GetpfColor2IndexEx
 .text.LCD_GetVXSizeMax
                0x0001839c        0x8 D:\Users\kohill\workspace\arm7sdram\ldscript\libemWin_ARM7TDMI.a(LCD_GetEx.o)
                0x0001839c                LCD_GetVXSizeMax
 .text.LCD__GetBPP
                0x000183a4       0xd8 D:\Users\kohill\workspace\arm7sdram\ldscript\libemWin_ARM7TDMI.a(LCD_GetEx.o)
                0x000183a4                LCD__GetBPP
 .text.LCD__GetBPPDevice
                0x0001847c       0x54 D:\Users\kohill\workspace\arm7sdram\ldscript\libemWin_ARM7TDMI.a(LCD_GetEx.o)
                0x0001847c                LCD__GetBPPDevice
 .text._SetDrawMode
                0x000184d0       0x44 D:\Users\kohill\workspace\arm7sdram\ldscript\libemWin_ARM7TDMI.a(LCD.o)
 .text.LCD_SetDrawMode
                0x00018514       0x14 D:\Users\kohill\workspace\arm7sdram\ldscript\libemWin_ARM7TDMI.a(LCD.o)
                0x00018514                LCD_SetDrawMode
 .text.LCD_DrawPixel
                0x00018528       0x9c D:\Users\kohill\workspace\arm7sdram\ldscript\libemWin_ARM7TDMI.a(LCD.o)
                0x00018528                LCD_DrawPixel
 .text.LCD_DrawHLine
                0x000185c4       0x7c D:\Users\kohill\workspace\arm7sdram\ldscript\libemWin_ARM7TDMI.a(LCD.o)
                0x000185c4                LCD_DrawHLine
 .text.LCD_DrawVLine
                0x00018640       0x80 D:\Users\kohill\workspace\arm7sdram\ldscript\libemWin_ARM7TDMI.a(LCD.o)
                0x00018640                LCD_DrawVLine
 .text.LCD_FillRect
                0x000186c0       0xa0 D:\Users\kohill\workspace\arm7sdram\ldscript\libemWin_ARM7TDMI.a(LCD.o)
                0x000186c0                LCD_FillRect
 .text.LCD__DrawBitmap_1bpp
                0x00018760      0x2c0 D:\Users\kohill\workspace\arm7sdram\ldscript\libemWin_ARM7TDMI.a(LCD.o)
                0x00018760                LCD__DrawBitmap_1bpp
 .text.LCD_DrawBitmap
                0x00018a20      0x340 D:\Users\kohill\workspace\arm7sdram\ldscript\libemWin_ARM7TDMI.a(LCD.o)
                0x00018a20                LCD_DrawBitmap
 .text.LCD_SetClipRectMax
                0x00018d60       0x2c D:\Users\kohill\workspace\arm7sdram\ldscript\libemWin_ARM7TDMI.a(LCD.o)
                0x00018d60                LCD_SetClipRectMax
 .text.LCD_Init
                0x00018d8c      0x11c D:\Users\kohill\workspace\arm7sdram\ldscript\libemWin_ARM7TDMI.a(LCD.o)
                0x00018d8c                LCD_Init
 .text.LCD_Color2Index
                0x00018ea8       0x28 D:\Users\kohill\workspace\arm7sdram\ldscript\libemWin_ARM7TDMI.a(LCD.o)
                0x00018ea8                LCD_Color2Index
 .text.LCD_Index2Color
                0x00018ed0       0x28 D:\Users\kohill\workspace\arm7sdram\ldscript\libemWin_ARM7TDMI.a(LCD.o)
                0x00018ed0                LCD_Index2Color
 .text.LCD_SetColorIndex
                0x00018ef8       0x24 D:\Users\kohill\workspace\arm7sdram\ldscript\libemWin_ARM7TDMI.a(LCD.o)
                0x00018ef8                LCD_SetColorIndex
 .text._SetColor
                0x00018f1c       0x44 D:\Users\kohill\workspace\arm7sdram\ldscript\libemWin_ARM7TDMI.a(LCD.o)
 .text.LCD_SetBkColorIndex
                0x00018f60       0x24 D:\Users\kohill\workspace\arm7sdram\ldscript\libemWin_ARM7TDMI.a(LCD.o)
                0x00018f60                LCD_SetBkColorIndex
 .text._SetBkColor
                0x00018f84       0x44 D:\Users\kohill\workspace\arm7sdram\ldscript\libemWin_ARM7TDMI.a(LCD.o)
 .text.LCD_SetBkColor
                0x00018fc8       0x14 D:\Users\kohill\workspace\arm7sdram\ldscript\libemWin_ARM7TDMI.a(LCD.o)
                0x00018fc8                LCD_SetBkColor
 .text.LCD_SetColor
                0x00018fdc       0x14 D:\Users\kohill\workspace\arm7sdram\ldscript\libemWin_ARM7TDMI.a(LCD.o)
                0x00018fdc                LCD_SetColor
 .text.GUI__SetText
                0x00018ff0       0xc8 D:\Users\kohill\workspace\arm7sdram\ldscript\libemWin_ARM7TDMI.a(GUI__SetText.o)
                0x00018ff0                GUI__SetText
 .text.GUI__memset16
                0x000190b8       0x90 D:\Users\kohill\workspace\arm7sdram\ldscript\libemWin_ARM7TDMI.a(GUI__memset16.o)
                0x000190b8                GUI__memset16
 .text.GUI__memset
                0x00019148       0x80 D:\Users\kohill\workspace\arm7sdram\ldscript\libemWin_ARM7TDMI.a(GUI__memset.o)
                0x00019148                GUI__memset
 .text.GUI__ManageCacheEx
                0x000191c8      0x19c D:\Users\kohill\workspace\arm7sdram\ldscript\libemWin_ARM7TDMI.a(GUI__ManageCache.o)
                0x000191c8                GUI__ManageCacheEx
 .text.GUI__ManageCache
                0x00019364       0x18 D:\Users\kohill\workspace\arm7sdram\ldscript\libemWin_ARM7TDMI.a(GUI__ManageCache.o)
                0x00019364                GUI__ManageCache
 .text.GUI__IntersectRects
                0x0001937c       0x9c D:\Users\kohill\workspace\arm7sdram\ldscript\libemWin_ARM7TDMI.a(GUI__IntersectRects.o)
                0x0001937c                GUI__IntersectRects
 .text.GUI__IntersectRect
                0x00019418       0x54 D:\Users\kohill\workspace\arm7sdram\ldscript\libemWin_ARM7TDMI.a(GUI__IntersectRect.o)
                0x00019418                GUI__IntersectRect
 .text.GUI__GetNumChars
                0x0001946c       0x48 D:\Users\kohill\workspace\arm7sdram\ldscript\libemWin_ARM7TDMI.a(GUI__GetNumChars.o)
                0x0001946c                GUI__GetNumChars
 .text._GetCursorPosX
                0x000194b4       0x4c D:\Users\kohill\workspace\arm7sdram\ldscript\libemWin_ARM7TDMI.a(GUI__GetCursorPos.o)
 .text._GetCursorCharacter
                0x00019500       0x64 D:\Users\kohill\workspace\arm7sdram\ldscript\libemWin_ARM7TDMI.a(GUI__GetCursorPos.o)
 .text._GetCursorPosChar
                0x00019564       0x80 D:\Users\kohill\workspace\arm7sdram\ldscript\libemWin_ARM7TDMI.a(GUI__GetCursorPos.o)
 .text.GUI__GetCursorPosX
                0x000195e4       0x1c D:\Users\kohill\workspace\arm7sdram\ldscript\libemWin_ARM7TDMI.a(GUI__GetCursorPos.o)
                0x000195e4                GUI__GetCursorPosX
 .text.GUI__GetCursorPosChar
                0x00019600       0x1c D:\Users\kohill\workspace\arm7sdram\ldscript\libemWin_ARM7TDMI.a(GUI__GetCursorPos.o)
                0x00019600                GUI__GetCursorPosChar
 .text.GUI__GetCursorCharacter
                0x0001961c       0x10 D:\Users\kohill\workspace\arm7sdram\ldscript\libemWin_ARM7TDMI.a(GUI__GetCursorPos.o)
                0x0001961c                GUI__GetCursorCharacter
 .text.GUI__CalcTextRect
                0x0001962c       0xd8 D:\Users\kohill\workspace\arm7sdram\ldscript\libemWin_ARM7TDMI.a(GUI__CalcTextRect.o)
                0x0001962c                GUI__CalcTextRect
 .text.GUI__MixColors
                0x00019704       0x88 D:\Users\kohill\workspace\arm7sdram\ldscript\libemWin_ARM7TDMI.a(GUI__Alpha.o)
                0x00019704                GUI__MixColors
 .text._OnExit  0x0001978c       0x70 D:\Users\kohill\workspace\arm7sdram\ldscript\libemWin_ARM7TDMI.a(GUI__Alpha.o)
 .text.GUI__GetAlphaBuffer
                0x000197fc      0x15c D:\Users\kohill\workspace\arm7sdram\ldscript\libemWin_ARM7TDMI.a(GUI__Alpha.o)
                0x000197fc                GUI__GetAlphaBuffer
 .text.GUI__DoAlphaBlending
                0x00019958      0x2bc D:\Users\kohill\workspace\arm7sdram\ldscript\libemWin_ARM7TDMI.a(GUI__Alpha.o)
                0x00019958                GUI__DoAlphaBlending
 .text.GUI__AllocAlphaBuffer
                0x00019c14       0x38 D:\Users\kohill\workspace\arm7sdram\ldscript\libemWin_ARM7TDMI.a(GUI__Alpha.o)
                0x00019c14                GUI__AllocAlphaBuffer
 .text.GUI_SignalEvent
                0x00019c4c       0x18 D:\Users\kohill\workspace\arm7sdram\ldscript\libemWin_ARM7TDMI.a(GUI_WaitEvent.o)
                0x00019c4c                GUI_SignalEvent
 .text.GUI_UC_GetCharSize
                0x00019c64       0x48 D:\Users\kohill\workspace\arm7sdram\ldscript\libemWin_ARM7TDMI.a(GUI_UC.o)
                0x00019c64                GUI_UC_GetCharSize
 .text.GUI_UC_GetCharCode
                0x00019cac       0x48 D:\Users\kohill\workspace\arm7sdram\ldscript\libemWin_ARM7TDMI.a(GUI_UC.o)
                0x00019cac                GUI_UC_GetCharCode
 .text.GUI_UC_Encode
                0x00019cf4       0x50 D:\Users\kohill\workspace\arm7sdram\ldscript\libemWin_ARM7TDMI.a(GUI_UC.o)
                0x00019cf4                GUI_UC_Encode
 .text.GUI_UC__CalcSizeOfChar
                0x00019d44       0x14 D:\Users\kohill\workspace\arm7sdram\ldscript\libemWin_ARM7TDMI.a(GUI_UC.o)
                0x00019d44                GUI_UC__CalcSizeOfChar
 .text.GUI_UC__GetCharCodeInc
                0x00019d58       0x60 D:\Users\kohill\workspace\arm7sdram\ldscript\libemWin_ARM7TDMI.a(GUI_UC.o)
                0x00019d58                GUI_UC__GetCharCodeInc
 .text.GUI_UC__NumChars2NumBytes
                0x00019db8       0x5c D:\Users\kohill\workspace\arm7sdram\ldscript\libemWin_ARM7TDMI.a(GUI_UC.o)
                0x00019db8                GUI_UC__NumChars2NumBytes
 .text.GUI_UC__NumBytes2NumChars
                0x00019e14       0x5c D:\Users\kohill\workspace\arm7sdram\ldscript\libemWin_ARM7TDMI.a(GUI_UC.o)
                0x00019e14                GUI_UC__NumBytes2NumChars
 .text._Link    0x00019e70      0x108 D:\Users\kohill\workspace\arm7sdram\ldscript\libemWin_ARM7TDMI.a(GUI_Timer.o)
 .text._Unlink  0x00019f78       0x94 D:\Users\kohill\workspace\arm7sdram\ldscript\libemWin_ARM7TDMI.a(GUI_Timer.o)
 .text.GUI_TIMER__GetFirstTimer
                0x0001a00c       0x60 D:\Users\kohill\workspace\arm7sdram\ldscript\libemWin_ARM7TDMI.a(GUI_Timer.o)
                0x0001a00c                GUI_TIMER__GetFirstTimer
 .text.GUI_TIMER__GetNextTimerLin
                0x0001a06c       0x70 D:\Users\kohill\workspace\arm7sdram\ldscript\libemWin_ARM7TDMI.a(GUI_Timer.o)
                0x0001a06c                GUI_TIMER__GetNextTimerLin
 .text.GUI_TIMER_Delete
                0x0001a0dc       0xbc D:\Users\kohill\workspace\arm7sdram\ldscript\libemWin_ARM7TDMI.a(GUI_Timer.o)
                0x0001a0dc                GUI_TIMER_Delete
 .text.GUI_TIMER_SetPeriod
                0x0001a198       0x4c D:\Users\kohill\workspace\arm7sdram\ldscript\libemWin_ARM7TDMI.a(GUI_Timer.o)
                0x0001a198                GUI_TIMER_SetPeriod
 .text.GUI_TIMER_Restart
                0x0001a1e4       0x68 D:\Users\kohill\workspace\arm7sdram\ldscript\libemWin_ARM7TDMI.a(GUI_Timer.o)
                0x0001a1e4                GUI_TIMER_Restart
 .text.GUI_TIMER_GetFlag
                0x0001a24c       0x60 D:\Users\kohill\workspace\arm7sdram\ldscript\libemWin_ARM7TDMI.a(GUI_Timer.o)
                0x0001a24c                GUI_TIMER_GetFlag
 .text.GUI_GetTime
                0x0001a2ac       0x1c D:\Users\kohill\workspace\arm7sdram\ldscript\libemWin_ARM7TDMI.a(GUI_Time.o)
                0x0001a2ac                GUI_GetTime
 .text._GetTaskNo
                0x0001a2c8       0x78 D:\Users\kohill\workspace\arm7sdram\ldscript\libemWin_ARM7TDMI.a(GUI_Task.o)
 .text._OnExit  0x0001a340       0x30 D:\Users\kohill\workspace\arm7sdram\ldscript\libemWin_ARM7TDMI.a(GUI_Task.o)
 .text.GUI_Unlock
                0x0001a370       0x34 D:\Users\kohill\workspace\arm7sdram\ldscript\libemWin_ARM7TDMI.a(GUI_Task.o)
                0x0001a370                GUI_Unlock
 .text.GUI_Lock
                0x0001a3a4       0xcc D:\Users\kohill\workspace\arm7sdram\ldscript\libemWin_ARM7TDMI.a(GUI_Task.o)
                0x0001a3a4                GUI_Lock
 .text.GUITASK_Init
                0x0001a470       0x78 D:\Users\kohill\workspace\arm7sdram\ldscript\libemWin_ARM7TDMI.a(GUI_Task.o)
                0x0001a470                GUITASK_Init
 .text.GUITASK_CopyContext
                0x0001a4e8       0x90 D:\Users\kohill\workspace\arm7sdram\ldscript\libemWin_ARM7TDMI.a(GUI_Task.o)
                0x0001a4e8                GUITASK_CopyContext
 .text.GUI_SetTextMode
                0x0001a578       0x3c D:\Users\kohill\workspace\arm7sdram\ldscript\libemWin_ARM7TDMI.a(GUI_SetTextMode.o)
                0x0001a578                GUI_SetTextMode
 .text.GUI_SetFont
                0x0001a5b4       0x40 D:\Users\kohill\workspace\arm7sdram\ldscript\libemWin_ARM7TDMI.a(GUI_SetFont.o)
                0x0001a5b4                GUI_SetFont
 .text.GUI_SetDrawMode
                0x0001a5f4       0x34 D:\Users\kohill\workspace\arm7sdram\ldscript\libemWin_ARM7TDMI.a(GUI_SetDrawMode.o)
                0x0001a5f4                GUI_SetDrawMode
 .text.GL_SetDefault
                0x0001a628       0x60 D:\Users\kohill\workspace\arm7sdram\ldscript\libemWin_ARM7TDMI.a(GUI_SetDefault.o)
                0x0001a628                GL_SetDefault
 .text.GUI_SetBkColor
                0x0001a688       0x2c D:\Users\kohill\workspace\arm7sdram\ldscript\libemWin_ARM7TDMI.a(GUI_SetColor.o)
                0x0001a688                GUI_SetBkColor
 .text.GUI_SetColor
                0x0001a6b4       0x2c D:\Users\kohill\workspace\arm7sdram\ldscript\libemWin_ARM7TDMI.a(GUI_SetColor.o)
                0x0001a6b4                GUI_SetColor
 .text.GUI__AlphaPreserveTrans
                0x0001a6e0       0x44 D:\Users\kohill\workspace\arm7sdram\ldscript\libemWin_ARM7TDMI.a(GUI_SetAlpha.o)
                0x0001a6e0                GUI__AlphaPreserveTrans
 .text.GUI_SelectLCD
                0x0001a724       0x2c D:\Users\kohill\workspace\arm7sdram\ldscript\libemWin_ARM7TDMI.a(GUI_SelectLCD.o)
                0x0001a724                GUI_SelectLCD
 .text.GUI_SelectLayer
                0x0001a750       0x68 D:\Users\kohill\workspace\arm7sdram\ldscript\libemWin_ARM7TDMI.a(GUI_SelectLayer.o)
                0x0001a750                GUI_SelectLayer
 .text.GUI_SaveContext_W
                0x0001a7b8       0x2c D:\Users\kohill\workspace\arm7sdram\ldscript\libemWin_ARM7TDMI.a(GUI_SaveContext.o)
                0x0001a7b8                GUI_SaveContext_W
 .text.GUI_RestoreContext
                0x0001a7e4       0x30 D:\Users\kohill\workspace\arm7sdram\ldscript\libemWin_ARM7TDMI.a(GUI_SaveContext.o)
                0x0001a7e4                GUI_RestoreContext
 .text.GUI_RectsIntersect
                0x0001a814       0x50 D:\Users\kohill\workspace\arm7sdram\ldscript\libemWin_ARM7TDMI.a(GUI_RectsIntersect.o)
                0x0001a814                GUI_RectsIntersect
 .text.GUI_ALLOC_Realloc
                0x0001a864       0xa0 D:\Users\kohill\workspace\arm7sdram\ldscript\libemWin_ARM7TDMI.a(GUI_Realloc.o)
                0x0001a864                GUI_ALLOC_Realloc
 .text.GUI_SetPenSize
                0x0001a904       0x3c D:\Users\kohill\workspace\arm7sdram\ldscript\libemWin_ARM7TDMI.a(GUI_Pen.o)
                0x0001a904                GUI_SetPenSize
 .text.GUI_StoreKey
                0x0001a940       0x30 D:\Users\kohill\workspace\arm7sdram\ldscript\libemWin_ARM7TDMI.a(GUI_OnKey.o)
                0x0001a940                GUI_StoreKey
 .text.GUI_StoreKeyMsg
                0x0001a970       0xac D:\Users\kohill\workspace\arm7sdram\ldscript\libemWin_ARM7TDMI.a(GUI_OnKey.o)
                0x0001a970                GUI_StoreKeyMsg
 .text.GUI_PollKeyMsg
                0x0001aa1c       0x70 D:\Users\kohill\workspace\arm7sdram\ldscript\libemWin_ARM7TDMI.a(GUI_OnKey.o)
                0x0001aa1c                GUI_PollKeyMsg
 .text.GUI_SendKeyMsg
                0x0001aa8c       0x40 D:\Users\kohill\workspace\arm7sdram\ldscript\libemWin_ARM7TDMI.a(GUI_OnKey.o)
                0x0001aa8c                GUI_SendKeyMsg
 .text.GUI_MoveRect
                0x0001aacc       0x4c D:\Users\kohill\workspace\arm7sdram\ldscript\libemWin_ARM7TDMI.a(GUI_MoveRect.o)
                0x0001aacc                GUI_MoveRect
 .text.GUI_MergeRect
                0x0001ab18       0x98 D:\Users\kohill\workspace\arm7sdram\ldscript\libemWin_ARM7TDMI.a(GUI_MergeRect.o)
                0x0001ab18                GUI_MergeRect
 .text.GUI_InvertRect
                0x0001abb0       0xa8 D:\Users\kohill\workspace\arm7sdram\ldscript\libemWin_ARM7TDMI.a(GUI_InvertRect.o)
                0x0001abb0                GUI_InvertRect
 .text.GUI_GotoXY
                0x0001ac58       0x40 D:\Users\kohill\workspace\arm7sdram\ldscript\libemWin_ARM7TDMI.a(GUI_Goto.o)
                0x0001ac58                GUI_GotoXY
 .text.GUI_GetYSizeOfFont
                0x0001ac98       0x10 D:\Users\kohill\workspace\arm7sdram\ldscript\libemWin_ARM7TDMI.a(GUI_GetYSizeOfFont.o)
                0x0001ac98                GUI_GetYSizeOfFont
 .text.GUI_GetStringDistX
                0x0001aca8       0x2c D:\Users\kohill\workspace\arm7sdram\ldscript\libemWin_ARM7TDMI.a(GUI_GetStringDistX.o)
                0x0001aca8                GUI_GetStringDistX
 .text.GUI_GetOrg
                0x0001acd4       0x48 D:\Users\kohill\workspace\arm7sdram\ldscript\libemWin_ARM7TDMI.a(GUI_GetOrg.o)
                0x0001acd4                GUI_GetOrg
 .text.GUI_Exec1
                0x0001ad1c       0x70 D:\Users\kohill\workspace\arm7sdram\ldscript\libemWin_ARM7TDMI.a(GUI_Exec.o)
                0x0001ad1c                GUI_Exec1
 .text.GUI_Exec
                0x0001ad8c       0x30 D:\Users\kohill\workspace\arm7sdram\ldscript\libemWin_ARM7TDMI.a(GUI_Exec.o)
                0x0001ad8c                GUI_Exec
 .text._UnlinkDevice
                0x0001adbc       0x48 D:\Users\kohill\workspace\arm7sdram\ldscript\libemWin_ARM7TDMI.a(GUI_Device.o)
 .text.GUI_DEVICE__GetpDriver
                0x0001ae04       0x40 D:\Users\kohill\workspace\arm7sdram\ldscript\libemWin_ARM7TDMI.a(GUI_Device.o)
                0x0001ae04                GUI_DEVICE__GetpDriver
 .text.GUI_DEVICE_Delete
                0x0001ae44       0x1c D:\Users\kohill\workspace\arm7sdram\ldscript\libemWin_ARM7TDMI.a(GUI_Device.o)
                0x0001ae44                GUI_DEVICE_Delete
 .text.GUI_DEVICE_Create
                0x0001ae60       0x9c D:\Users\kohill\workspace\arm7sdram\ldscript\libemWin_ARM7TDMI.a(GUI_Device.o)
                0x0001ae60                GUI_DEVICE_Create
 .text.GUI_DEVICE_Unlink
                0x0001aefc        0x4 D:\Users\kohill\workspace\arm7sdram\ldscript\libemWin_ARM7TDMI.a(GUI_Device.o)
                0x0001aefc                GUI_DEVICE_Unlink
 .text.GUI_DEVICE_Link
                0x0001af00       0xd0 D:\Users\kohill\workspace\arm7sdram\ldscript\libemWin_ARM7TDMI.a(GUI_Device.o)
                0x0001af00                GUI_DEVICE_Link
 .text.GUI_DEVICE_CreateAndLink
                0x0001afd0       0x50 D:\Users\kohill\workspace\arm7sdram\ldscript\libemWin_ARM7TDMI.a(GUI_Device.o)
                0x0001afd0                GUI_DEVICE_CreateAndLink
 .text.GUI_DEVICE_UnlinkTaskDevices
                0x0001b020       0x78 D:\Users\kohill\workspace\arm7sdram\ldscript\libemWin_ARM7TDMI.a(GUI_Device.o)
                0x0001b020                GUI_DEVICE_UnlinkTaskDevices
 .text.GUI_DEVICE_LinkDevices
                0x0001b098       0x30 D:\Users\kohill\workspace\arm7sdram\ldscript\libemWin_ARM7TDMI.a(GUI_Device.o)
                0x0001b098                GUI_DEVICE_LinkDevices
 .text._OnExit  0x0001b0c8       0x50 D:\Users\kohill\workspace\arm7sdram\ldscript\libemWin_ARM7TDMI.a(GUI_Core.o)
 .text.GUI_SetDefaultFont
                0x0001b118       0x10 D:\Users\kohill\workspace\arm7sdram\ldscript\libemWin_ARM7TDMI.a(GUI_Core.o)
                0x0001b118                GUI_SetDefaultFont
 .text.GUI_ClearRect
                0x0001b128       0xa8 D:\Users\kohill\workspace\arm7sdram\ldscript\libemWin_ARM7TDMI.a(GUI_Core.o)
                0x0001b128                GUI_ClearRect
 .text.GUI_Clear
                0x0001b1d0       0x3c D:\Users\kohill\workspace\arm7sdram\ldscript\libemWin_ARM7TDMI.a(GUI_Core.o)
                0x0001b1d0                GUI_Clear
 .text.GUI__RegisterExit
                0x0001b20c       0x18 D:\Users\kohill\workspace\arm7sdram\ldscript\libemWin_ARM7TDMI.a(GUI_Core.o)
                0x0001b20c                GUI__RegisterExit
 .text.GUI__Config
                0x0001b224       0x60 D:\Users\kohill\workspace\arm7sdram\ldscript\libemWin_ARM7TDMI.a(GUI_Core.o)
                0x0001b224                GUI__Config
 .text.GUI_Init
                0x0001b284      0x110 D:\Users\kohill\workspace\arm7sdram\ldscript\libemWin_ARM7TDMI.a(GUI_Core.o)
                0x0001b284                GUI_Init
 .text.GUIPROP__FindChar
                0x0001b394       0x2c D:\Users\kohill\workspace\arm7sdram\ldscript\libemWin_ARM7TDMI.a(GUI_CharP.o)
                0x0001b394                GUIPROP__FindChar
 .text.GUIPROP_DispChar
                0x0001b3c0      0x154 D:\Users\kohill\workspace\arm7sdram\ldscript\libemWin_ARM7TDMI.a(GUI_CharP.o)
                0x0001b3c0                GUIPROP_DispChar
 .text.GUIPROP_GetCharDistX
                0x0001b514       0x70 D:\Users\kohill\workspace\arm7sdram\ldscript\libemWin_ARM7TDMI.a(GUI_CharP.o)
                0x0001b514                GUIPROP_GetCharDistX
 .text.GUIPROP_GetFontInfo
                0x0001b584        0xc D:\Users\kohill\workspace\arm7sdram\ldscript\libemWin_ARM7TDMI.a(GUI_CharP.o)
                0x0001b584                GUIPROP_GetFontInfo
 .text.GUIPROP_IsInFont
                0x0001b590       0x28 D:\Users\kohill\workspace\arm7sdram\ldscript\libemWin_ARM7TDMI.a(GUI_CharP.o)
                0x0001b590                GUIPROP_IsInFont
 .text.GUIMONO_DispChar
                0x0001b5b8      0x240 D:\Users\kohill\workspace\arm7sdram\ldscript\libemWin_ARM7TDMI.a(GUI_CharM.o)
                0x0001b5b8                GUIMONO_DispChar
 .text.GUIMONO_GetCharDistX
                0x0001b7f8       0x28 D:\Users\kohill\workspace\arm7sdram\ldscript\libemWin_ARM7TDMI.a(GUI_CharM.o)
                0x0001b7f8                GUIMONO_GetCharDistX
 .text.GUIMONO_GetFontInfo
                0x0001b820        0xc D:\Users\kohill\workspace\arm7sdram\ldscript\libemWin_ARM7TDMI.a(GUI_CharM.o)
                0x0001b820                GUIMONO_GetFontInfo
 .text.GUIMONO_IsInFont
                0x0001b82c       0x6c D:\Users\kohill\workspace\arm7sdram\ldscript\libemWin_ARM7TDMI.a(GUI_CharM.o)
                0x0001b82c                GUIMONO_IsInFont
 .text._Log2VisBuffered
                0x0001b898        0x4 D:\Users\kohill\workspace\arm7sdram\ldscript\libemWin_ARM7TDMI.a(GUI_CharLine.o)
 .text._DispLine
                0x0001b89c      0x100 D:\Users\kohill\workspace\arm7sdram\ldscript\libemWin_ARM7TDMI.a(GUI_CharLine.o)
 .text.GUI__GetLineNumChars
                0x0001b99c       0x84 D:\Users\kohill\workspace\arm7sdram\ldscript\libemWin_ARM7TDMI.a(GUI_CharLine.o)
                0x0001b99c                GUI__GetLineNumChars
 .text.GUI__GetOverlap
                0x0001ba20       0x3c D:\Users\kohill\workspace\arm7sdram\ldscript\libemWin_ARM7TDMI.a(GUI_CharLine.o)
                0x0001ba20                GUI__GetOverlap
 .text.GUI__GetLineDistX
                0x0001ba5c       0xc0 D:\Users\kohill\workspace\arm7sdram\ldscript\libemWin_ARM7TDMI.a(GUI_CharLine.o)
                0x0001ba5c                GUI__GetLineDistX
 .text.GUI__DispLine
                0x0001bb1c      0x114 D:\Users\kohill\workspace\arm7sdram\ldscript\libemWin_ARM7TDMI.a(GUI_CharLine.o)
                0x0001bb1c                GUI__DispLine
 .text.GUI_GetYAdjust
                0x0001bc30       0x6c D:\Users\kohill\workspace\arm7sdram\ldscript\libemWin_ARM7TDMI.a(GUI_Char.o)
                0x0001bc30                GUI_GetYAdjust
 .text.GUI_GetFontDistY
                0x0001bc9c       0x38 D:\Users\kohill\workspace\arm7sdram\ldscript\libemWin_ARM7TDMI.a(GUI_Char.o)
                0x0001bc9c                GUI_GetFontDistY
 .text.GUI_GetCharDistX
                0x0001bcd4       0x50 D:\Users\kohill\workspace\arm7sdram\ldscript\libemWin_ARM7TDMI.a(GUI_Char.o)
                0x0001bcd4                GUI_GetCharDistX
 .text.GUI_GetCharDistXEx
                0x0001bd24       0x54 D:\Users\kohill\workspace\arm7sdram\ldscript\libemWin_ARM7TDMI.a(GUI_Char.o)
                0x0001bd24                GUI_GetCharDistXEx
 .text.GUI_ALLOC_AllocZero
                0x0001bd78       0x5c D:\Users\kohill\workspace\arm7sdram\ldscript\libemWin_ARM7TDMI.a(GUI_ALLOC_AllocZero.o)
                0x0001bd78                GUI_ALLOC_AllocZero
 .text._PushFreeBlock
                0x0001bdd4       0x34 D:\Users\kohill\workspace\arm7sdram\ldscript\libemWin_ARM7TDMI.a(GUI_Alloc.o)
 .text._OnExit  0x0001be08       0x5c D:\Users\kohill\workspace\arm7sdram\ldscript\libemWin_ARM7TDMI.a(GUI_Alloc.o)
 .text._RemoveFreeBlock
                0x0001be64       0x64 D:\Users\kohill\workspace\arm7sdram\ldscript\libemWin_ARM7TDMI.a(GUI_Alloc.o)
 .text._AddFreeMemory
                0x0001bec8      0x120 D:\Users\kohill\workspace\arm7sdram\ldscript\libemWin_ARM7TDMI.a(GUI_Alloc.o)
 .text._RemoveHoles
                0x0001bfe8      0x108 D:\Users\kohill\workspace\arm7sdram\ldscript\libemWin_ARM7TDMI.a(GUI_Alloc.o)
 .text.GUI_ALLOC_FreeFixedBlock
                0x0001c0f0       0x28 D:\Users\kohill\workspace\arm7sdram\ldscript\libemWin_ARM7TDMI.a(GUI_Alloc.o)
                0x0001c0f0                GUI_ALLOC_FreeFixedBlock
 .text.GUI_ALLOC_h2p
                0x0001c118       0x20 D:\Users\kohill\workspace\arm7sdram\ldscript\libemWin_ARM7TDMI.a(GUI_Alloc.o)
                0x0001c118                GUI_ALLOC_h2p
 .text.GUI_ALLOC_LockH
                0x0001c138       0x28 D:\Users\kohill\workspace\arm7sdram\ldscript\libemWin_ARM7TDMI.a(GUI_Alloc.o)
                0x0001c138                GUI_ALLOC_LockH
 .text.GUI_ALLOC_UnlockH
                0x0001c160       0x50 D:\Users\kohill\workspace\arm7sdram\ldscript\libemWin_ARM7TDMI.a(GUI_Alloc.o)
                0x0001c160                GUI_ALLOC_UnlockH
 .text.GUI_ALLOC_AssignMemory
                0x0001c1b0       0x18 D:\Users\kohill\workspace\arm7sdram\ldscript\libemWin_ARM7TDMI.a(GUI_Alloc.o)
                0x0001c1b0                GUI_ALLOC_AssignMemory
 .text.GUI_ALLOC_GetSize
                0x0001c1c8       0x24 D:\Users\kohill\workspace\arm7sdram\ldscript\libemWin_ARM7TDMI.a(GUI_Alloc.o)
                0x0001c1c8                GUI_ALLOC_GetSize
 .text.GUI_ALLOC_Free
                0x0001c1ec       0x58 D:\Users\kohill\workspace\arm7sdram\ldscript\libemWin_ARM7TDMI.a(GUI_Alloc.o)
                0x0001c1ec                GUI_ALLOC_Free
 .text._EnlargeBlocks
                0x0001c244       0xe8 D:\Users\kohill\workspace\arm7sdram\ldscript\libemWin_ARM7TDMI.a(GUI_Alloc.o)
 .text._InitOnce
                0x0001c32c      0x268 D:\Users\kohill\workspace\arm7sdram\ldscript\libemWin_ARM7TDMI.a(GUI_Alloc.o)
 .text.GUI_ALLOC_GetFixedBlock
                0x0001c594      0x11c D:\Users\kohill\workspace\arm7sdram\ldscript\libemWin_ARM7TDMI.a(GUI_Alloc.o)
                0x0001c594                GUI_ALLOC_GetFixedBlock
 .text.GUI_ALLOC_GetMaxSize
                0x0001c6b0       0x7c D:\Users\kohill\workspace\arm7sdram\ldscript\libemWin_ARM7TDMI.a(GUI_Alloc.o)
                0x0001c6b0                GUI_ALLOC_GetMaxSize
 .text.GUI_ALLOC_RequestSize
                0x0001c72c       0x64 D:\Users\kohill\workspace\arm7sdram\ldscript\libemWin_ARM7TDMI.a(GUI_Alloc.o)
                0x0001c72c                GUI_ALLOC_RequestSize
 .text._Alloc   0x0001c790      0x184 D:\Users\kohill\workspace\arm7sdram\ldscript\libemWin_ARM7TDMI.a(GUI_Alloc.o)
 .text.GUI_ALLOC_AllocNoInit
                0x0001c914       0x38 D:\Users\kohill\workspace\arm7sdram\ldscript\libemWin_ARM7TDMI.a(GUI_Alloc.o)
                0x0001c914                GUI_ALLOC_AllocNoInit
 .text.GUI_ALLOC_FreePtr
                0x0001c94c       0x34 D:\Users\kohill\workspace\arm7sdram\ldscript\libemWin_ARM7TDMI.a(GUI_Alloc.o)
                0x0001c94c                GUI_ALLOC_FreePtr
 .text.LCD_Index2Color_888
                0x0001c980        0x4 D:\Users\kohill\workspace\arm7sdram\ldscript\libemWin_ARM7TDMI.a(GUICC_888_Index2Color.o)
                0x0001c980                LCD_Index2Color_888
 .text.LCD_Index2Color_8888
                0x0001c984        0x4 D:\Users\kohill\workspace\arm7sdram\ldscript\libemWin_ARM7TDMI.a(GUICC_8888_Index2Color.o)
                0x0001c984                LCD_Index2Color_8888
 .text._Color2Index_8888
                0x0001c988        0x4 D:\Users\kohill\workspace\arm7sdram\ldscript\libemWin_ARM7TDMI.a(GUICC_8888.o)
 .text._GetIndexMask_8888
                0x0001c98c        0x8 D:\Users\kohill\workspace\arm7sdram\ldscript\libemWin_ARM7TDMI.a(GUICC_8888.o)
 .text._Color2IndexBulk
                0x0001c994       0x14 D:\Users\kohill\workspace\arm7sdram\ldscript\libemWin_ARM7TDMI.a(GUICC_8888.o)
 .text._Index2ColorBulk
                0x0001c9a8       0x14 D:\Users\kohill\workspace\arm7sdram\ldscript\libemWin_ARM7TDMI.a(GUICC_8888.o)
 .text.LCD_Index2Color_565
                0x0001c9bc       0x40 D:\Users\kohill\workspace\arm7sdram\ldscript\libemWin_ARM7TDMI.a(GUICC_565.o)
                0x0001c9bc                LCD_Index2Color_565
 .text._Color2Index_565
                0x0001c9fc       0x40 D:\Users\kohill\workspace\arm7sdram\ldscript\libemWin_ARM7TDMI.a(GUICC_565.o)
 .text._GetIndexMask_565
                0x0001ca3c        0xc D:\Users\kohill\workspace\arm7sdram\ldscript\libemWin_ARM7TDMI.a(GUICC_565.o)
 .text._Color2IndexBulk
                0x0001ca48       0x58 D:\Users\kohill\workspace\arm7sdram\ldscript\libemWin_ARM7TDMI.a(GUICC_565.o)
 .text._Index2ColorBulk
                0x0001caa0       0x60 D:\Users\kohill\workspace\arm7sdram\ldscript\libemWin_ARM7TDMI.a(GUICC_565.o)
 .text.WM__SendMessageNoPara
                0x0001cb00       0x58 D:\Users\kohill\workspace\arm7sdram\ldscript\libemWin_ARM7TDMI.a(WM__SendMessageNoPara.o)
                0x0001cb00                WM__SendMessageNoPara
 .text.WM__SendMessage
                0x0001cb58       0x78 D:\Users\kohill\workspace\arm7sdram\ldscript\libemWin_ARM7TDMI.a(WM__SendMessage.o)
                0x0001cb58                WM__SendMessage
 .text.WM__IsEnabled
                0x0001cbd0       0x2c D:\Users\kohill\workspace\arm7sdram\ldscript\libemWin_ARM7TDMI.a(WM__IsEnabled.o)
                0x0001cbd0                WM__IsEnabled
 .text.WM__IsAncestor
                0x0001cbfc       0x4c D:\Users\kohill\workspace\arm7sdram\ldscript\libemWin_ARM7TDMI.a(WM__IsAncestor.o)
                0x0001cbfc                WM__IsAncestor
 .text.WM__IsAncestorOrSelf
                0x0001cc48       0x10 D:\Users\kohill\workspace\arm7sdram\ldscript\libemWin_ARM7TDMI.a(WM__IsAncestor.o)
                0x0001cc48                WM__IsAncestorOrSelf
 .text.WM_DeleteTimer
                0x0001cc58       0x54 D:\Users\kohill\workspace\arm7sdram\ldscript\libemWin_ARM7TDMI.a(WM_Timer.o)
                0x0001cc58                WM_DeleteTimer
 .text.WM__DeleteAssocTimer
                0x0001ccac       0x9c D:\Users\kohill\workspace\arm7sdram\ldscript\libemWin_ARM7TDMI.a(WM_Timer.o)